Archive member included to satisfy reference by file (symbol)

/Applications/ARM/bin/../lib/gcc/arm-none-eabi/10.3.1/../../../../arm-none-eabi/lib/thumb/v7e-m/nofp/libc_nano.a(lib_a-exit.o)
                              /Applications/ARM/bin/../lib/gcc/arm-none-eabi/10.3.1/../../../../arm-none-eabi/lib/thumb/v7e-m/nofp/crt0.o (exit)
/Applications/ARM/bin/../lib/gcc/arm-none-eabi/10.3.1/../../../../arm-none-eabi/lib/thumb/v7e-m/nofp/libc_nano.a(lib_a-impure.o)
                              /Applications/ARM/bin/../lib/gcc/arm-none-eabi/10.3.1/../../../../arm-none-eabi/lib/thumb/v7e-m/nofp/libc_nano.a(lib_a-exit.o) (_global_impure_ptr)
/Applications/ARM/bin/../lib/gcc/arm-none-eabi/10.3.1/../../../../arm-none-eabi/lib/thumb/v7e-m/nofp/libc_nano.a(lib_a-init.o)
                              /Applications/ARM/bin/../lib/gcc/arm-none-eabi/10.3.1/../../../../arm-none-eabi/lib/thumb/v7e-m/nofp/crt0.o (__libc_init_array)
/Applications/ARM/bin/../lib/gcc/arm-none-eabi/10.3.1/../../../../arm-none-eabi/lib/thumb/v7e-m/nofp/libc_nano.a(lib_a-memset.o)
                              /Applications/ARM/bin/../lib/gcc/arm-none-eabi/10.3.1/../../../../arm-none-eabi/lib/thumb/v7e-m/nofp/crt0.o (memset)
/Applications/ARM/bin/../lib/gcc/arm-none-eabi/10.3.1/../../../../arm-none-eabi/lib/thumb/v7e-m/nofp/libnosys.a(_exit.o)
                              /Applications/ARM/bin/../lib/gcc/arm-none-eabi/10.3.1/../../../../arm-none-eabi/lib/thumb/v7e-m/nofp/libc_nano.a(lib_a-exit.o) (_exit)

Discarded input sections

 .text          0x0000000000000000        0x0 /Applications/ARM/bin/../lib/gcc/arm-none-eabi/10.3.1/thumb/v7e-m/nofp/crti.o
 .data          0x0000000000000000        0x0 /Applications/ARM/bin/../lib/gcc/arm-none-eabi/10.3.1/thumb/v7e-m/nofp/crti.o
 .bss           0x0000000000000000        0x0 /Applications/ARM/bin/../lib/gcc/arm-none-eabi/10.3.1/thumb/v7e-m/nofp/crti.o
 .text          0x0000000000000000       0x40 /Applications/ARM/bin/../lib/gcc/arm-none-eabi/10.3.1/thumb/v7e-m/nofp/crtbegin.o
 .data          0x0000000000000000        0x4 /Applications/ARM/bin/../lib/gcc/arm-none-eabi/10.3.1/thumb/v7e-m/nofp/crtbegin.o
 .bss           0x0000000000000000       0x1c /Applications/ARM/bin/../lib/gcc/arm-none-eabi/10.3.1/thumb/v7e-m/nofp/crtbegin.o
 .rodata        0x0000000000000000       0x24 /Applications/ARM/bin/../lib/gcc/arm-none-eabi/10.3.1/thumb/v7e-m/nofp/crtbegin.o
 .init_array    0x0000000000000000        0x4 /Applications/ARM/bin/../lib/gcc/arm-none-eabi/10.3.1/thumb/v7e-m/nofp/crtbegin.o
 .fini_array    0x0000000000000000        0x4 /Applications/ARM/bin/../lib/gcc/arm-none-eabi/10.3.1/thumb/v7e-m/nofp/crtbegin.o
 .eh_frame      0x0000000000000000        0x0 /Applications/ARM/bin/../lib/gcc/arm-none-eabi/10.3.1/thumb/v7e-m/nofp/crtbegin.o
 .ARM.attributes
                0x0000000000000000       0x2e /Applications/ARM/bin/../lib/gcc/arm-none-eabi/10.3.1/thumb/v7e-m/nofp/crtbegin.o
 .text          0x0000000000000000       0x7c /Applications/ARM/bin/../lib/gcc/arm-none-eabi/10.3.1/../../../../arm-none-eabi/lib/thumb/v7e-m/nofp/crt0.o
 .data          0x0000000000000000        0x0 /Applications/ARM/bin/../lib/gcc/arm-none-eabi/10.3.1/../../../../arm-none-eabi/lib/thumb/v7e-m/nofp/crt0.o
 .bss           0x0000000000000000        0x0 /Applications/ARM/bin/../lib/gcc/arm-none-eabi/10.3.1/../../../../arm-none-eabi/lib/thumb/v7e-m/nofp/crt0.o
 .ARM.extab     0x0000000000000000        0x0 /Applications/ARM/bin/../lib/gcc/arm-none-eabi/10.3.1/../../../../arm-none-eabi/lib/thumb/v7e-m/nofp/crt0.o
 .ARM.exidx     0x0000000000000000       0x10 /Applications/ARM/bin/../lib/gcc/arm-none-eabi/10.3.1/../../../../arm-none-eabi/lib/thumb/v7e-m/nofp/crt0.o
 .ARM.attributes
                0x0000000000000000       0x1c /Applications/ARM/bin/../lib/gcc/arm-none-eabi/10.3.1/../../../../arm-none-eabi/lib/thumb/v7e-m/nofp/crt0.o
 .text          0x0000000000000000        0x0 build/system_gd32f4xx.o
 .data          0x0000000000000000        0x0 build/system_gd32f4xx.o
 .bss           0x0000000000000000        0x0 build/system_gd32f4xx.o
 .text.SystemCoreClockUpdate
                0x0000000000000000       0xa4 build/system_gd32f4xx.o
 .rodata        0x0000000000000000       0x10 build/system_gd32f4xx.o
 .data.SystemCoreClock
                0x0000000000000000        0x4 build/system_gd32f4xx.o
 .text          0x0000000000000000        0x0 build/gd32f4xx_adc.o
 .data          0x0000000000000000        0x0 build/gd32f4xx_adc.o
 .bss           0x0000000000000000        0x0 build/gd32f4xx_adc.o
 .text.adc_deinit
                0x0000000000000000       0x18 build/gd32f4xx_adc.o
 .text.adc_clock_config
                0x0000000000000000       0x20 build/gd32f4xx_adc.o
 .text.adc_special_function_config
                0x0000000000000000       0x5c build/gd32f4xx_adc.o
 .text.adc_data_alignment_config
                0x0000000000000000       0x14 build/gd32f4xx_adc.o
 .text.adc_enable
[...]
Memory Configuration

Name             Origin             Length             Attributes
CODE             0x0000000008000000 0x0000000000300000 xr
DATA             0x0000000020000000 0x0000000000030000 rw
*default*        0x0000000000000000 0xffffffffffffffff

Linker script and memory map

LOAD /Applications/ARM/bin/../lib/gcc/arm-none-eabi/10.3.1/thumb/v7e-m/nofp/crti.o
LOAD /Applications/ARM/bin/../lib/gcc/arm-none-eabi/10.3.1/thumb/v7e-m/nofp/crtbegin.o
LOAD /Applications/ARM/bin/../lib/gcc/arm-none-eabi/10.3.1/../../../../arm-none-eabi/lib/thumb/v7e-m/nofp/crt0.o
LOAD build/system_gd32f4xx.o
LOAD build/gd32f4xx_adc.o
LOAD build/gd32f4xx_enet.o
LOAD build/gd32f4xx_iref.o
LOAD build/gd32f4xx_timer.o
LOAD build/gd32f4xx_can.o
LOAD build/gd32f4xx_exmc.o
LOAD build/gd32f4xx_misc.o
LOAD build/gd32f4xx_tli.o
LOAD build/gd32f4xx_crc.o
LOAD build/gd32f4xx_exti.o
LOAD build/gd32f4xx_pmu.o
LOAD build/gd32f4xx_trng.o
LOAD build/gd32f4xx_ctc.o
LOAD build/gd32f4xx_fmc.o
LOAD build/gd32f4xx_rcu.o
LOAD build/gd32f4xx_usart.o
LOAD build/gd32f4xx_dac.o
LOAD build/gd32f4xx_fwdgt.o
LOAD build/gd32f4xx_rtc.o
LOAD build/gd32f4xx_wwdgt.o
LOAD build/gd32f4xx_dbg.o
LOAD build/gd32f4xx_gpio.o
LOAD build/gd32f4xx_sdio.o
LOAD build/gd32f4xx_dci.o
LOAD build/gd32f4xx_i2c.o
LOAD build/gd32f4xx_spi.o
LOAD build/gd32f4xx_dma.o
LOAD build/gd32f4xx_ipa.o
LOAD build/gd32f4xx_syscfg.o
LOAD build/main.o
LOAD build/startup_gd32f450_470.o
LOAD /Applications/ARM/bin/../lib/gcc/arm-none-eabi/10.3.1/../../../../arm-none-eabi/lib/thumb/v7e-m/nofp/libc_nano.a
LOAD /Applications/ARM/bin/../lib/gcc/arm-none-eabi/10.3.1/../../../../arm-none-eabi/lib/thumb/v7e-m/nofp/libm.a
LOAD /Applications/ARM/bin/../lib/gcc/arm-none-eabi/10.3.1/../../../../arm-none-eabi/lib/thumb/v7e-m/nofp/libnosys.a
START GROUP
LOAD /Applications/ARM/bin/../lib/gcc/arm-none-eabi/10.3.1/thumb/v7e-m/nofp/libgcc.a
LOAD /Applications/ARM/bin/../lib/gcc/arm-none-eabi/10.3.1/../../../../arm-none-eabi/lib/thumb/v7e-m/nofp/libc_nano.a
END GROUP
START GROUP
LOAD /Applications/ARM/bin/../lib/gcc/arm-none-eabi/10.3.1/thumb/v7e-m/nofp/libgcc.a
LOAD /Applications/ARM/bin/../lib/gcc/arm-none-eabi/10.3.1/../../../../arm-none-eabi/lib/thumb/v7e-m/nofp/libc_nano.a
END GROUP
LOAD /Applications/ARM/bin/../lib/gcc/arm-none-eabi/10.3.1/thumb/v7e-m/nofp/crtend.o
LOAD /Applications/ARM/bin/../lib/gcc/arm-none-eabi/10.3.1/thumb/v7e-m/nofp/crtn.o
                0x0000000000000200                _system_stack_size = 0x200

.text           0x0000000008000000     0x1078
                0x0000000008000000                . = ALIGN (0x4)
                0x0000000008000000                _stext = .
 *(.isr_vector)
 .isr_vector    0x0000000008000000      0x1ac build/startup_gd32f450_470.o
                0x0000000008000000                g_pfnVectors
                0x00000000080001ac                . = ALIGN (0x4)
 *(.text)
 *(.text.*)
 .text.SystemInit
                0x00000000080001ac      0x170 build/system_gd32f4xx.o
                0x00000000080001ac                SystemInit
 .text.nvic_irq_enable
                0x000000000800031c       0x9c build/gd32f4xx_misc.o
                0x000000000800031c                nvic_irq_enable
 .text.rcu_periph_clock_enable
                0x00000000080003b8       0x1c build/gd32f4xx_rcu.o
                0x00000000080003b8                rcu_periph_clock_enable
 .text.rcu_periph_reset_enable
                0x00000000080003d4       0x1c build/gd32f4xx_rcu.o
                0x00000000080003d4                rcu_periph_reset_enable
 .text.rcu_periph_reset_disable
                0x00000000080003f0       0x20 build/gd32f4xx_rcu.o
                0x00000000080003f0                rcu_periph_reset_disable
 .text.rcu_clock_freq_get
                0x0000000008000410       0xec build/gd32f4xx_rcu.o
                0x0000000008000410                rcu_clock_freq_get
 .text.usart_deinit
                0x00000000080004fc       0xf0 build/gd32f4xx_usart.o
                0x00000000080004fc                usart_deinit
 .text.usart_baudrate_set
                0x00000000080005ec       0x94 build/gd32f4xx_usart.o
                0x00000000080005ec                usart_baudrate_set
 .text.usart_enable
                0x0000000008000680        0xc build/gd32f4xx_usart.o
                0x0000000008000680                usart_enable
 .text.usart_transmit_config
                0x000000000800068c        0xc build/gd32f4xx_usart.o
                0x000000000800068c                usart_transmit_config
 .text.usart_receive_config
                0x0000000008000698        0xc build/gd32f4xx_usart.o
                0x0000000008000698                usart_receive_config
 .text.usart_data_receive
                0x00000000080006a4        0x8 build/gd32f4xx_usart.o
                0x00000000080006a4                usart_data_receive
 .text.usart_dma_transmit_config
                0x00000000080006ac        0xc build/gd32f4xx_usart.o
                0x00000000080006ac                usart_dma_transmit_config
 .text.usart_flag_get
                0x00000000080006b8       0x10 build/gd32f4xx_usart.o
                0x00000000080006b8                usart_flag_get
 .text.usart_interrupt_enable
                0x00000000080006c8       0x18 build/gd32f4xx_usart.o
                0x00000000080006c8                usart_interrupt_enable
 .text.usart_interrupt_flag_get
                0x00000000080006e0       0x30 build/gd32f4xx_usart.o
                0x00000000080006e0                usart_interrupt_flag_get
 .text.gpio_mode_set
                0x0000000008000710      0x164 build/gd32f4xx_gpio.o
                0x0000000008000710                gpio_mode_set
 .text.gpio_output_options_set
                0x0000000008000874       0xec build/gd32f4xx_gpio.o
                0x0000000008000874                gpio_output_options_set
 .text.gpio_af_set
                0x0000000008000960       0xe0 build/gd32f4xx_gpio.o
                0x0000000008000960                gpio_af_set
 .text.gpio_bit_toggle
                0x0000000008000a40        0x4 build/gd32f4xx_gpio.o
                0x0000000008000a40                gpio_bit_toggle
 .text.dma_deinit
                0x0000000008000a44       0x60 build/gd32f4xx_dma.o
                0x0000000008000a44                dma_deinit
 .text.dma_single_data_mode_init
                0x0000000008000aa4       0x94 build/gd32f4xx_dma.o
                0x0000000008000aa4                dma_single_data_mode_init
 .text.dma_circulation_disable
                0x0000000008000b38       0x14 build/gd32f4xx_dma.o
                0x0000000008000b38                dma_circulation_disable
 .text.dma_channel_enable
                0x0000000008000b4c       0x14 build/gd32f4xx_dma.o
                0x0000000008000b4c                dma_channel_enable
 .text.dma_channel_subperipheral_select
                0x0000000008000b60       0x18 build/gd32f4xx_dma.o
                0x0000000008000b60                dma_channel_subperipheral_select
 .text.dma_interrupt_enable
                0x0000000008000b78       0x24 build/gd32f4xx_dma.o
                0x0000000008000b78                dma_interrupt_enable
 .text.dma_interrupt_flag_get
                0x0000000008000b9c      0x224 build/gd32f4xx_dma.o
                0x0000000008000b9c                dma_interrupt_flag_get
 .text.dma_interrupt_flag_clear
                0x0000000008000dc0       0x3c build/gd32f4xx_dma.o
                0x0000000008000dc0                dma_interrupt_flag_clear
 .text.uart_init
                0x0000000008000dfc       0x98 build/main.o
                0x0000000008000dfc                uart_init
 .text.dma_send_message
                0x0000000008000e94       0x78 build/main.o
                0x0000000008000e94                dma_send_message
 .text.startup.main
                0x0000000008000f0c       0x98 build/main.o
                0x0000000008000f0c                main
 .text.DMA1_Channel6_IRQHandler
                0x0000000008000fa4       0x30 build/main.o
                0x0000000008000fa4                DMA1_Channel6_IRQHandler
 .text.USART5_IRQHandler
                0x0000000008000fd4       0x44 build/main.o
                0x0000000008000fd4                USART5_IRQHandler
 .text.Reset_Handler
                0x0000000008001018       0x44 build/startup_gd32f450_470.o
                0x0000000008001018                Reset_Handler
 .text.Default_Handler
                0x000000000800105c        0x2 build/startup_gd32f450_470.o
                0x000000000800105c                USBHS_EP1_Out_IRQHandler
                0x000000000800105c                EXTI2_IRQHandler
                0x000000000800105c                TIMER2_IRQHandler
                0x000000000800105c                DebugMon_Handler
                0x000000000800105c                LVD_IRQHandler
                0x000000000800105c                SPI4_IRQHandler
                0x000000000800105c                CAN1_EWMC_IRQHandler
                0x000000000800105c                HardFault_Handler
                0x000000000800105c                TIMER7_UP_TIMER12_IRQHandler
                0x000000000800105c                SysTick_Handler
                0x000000000800105c                SDIO_IRQHandler
                0x000000000800105c                PendSV_Handler
                0x000000000800105c                NMI_Handler
                0x000000000800105c                EXTI3_IRQHandler
                0x000000000800105c                DCI_IRQHandler
                0x000000000800105c                USBFS_WKUP_IRQHandler
                0x000000000800105c                USBHS_IRQHandler
                0x000000000800105c                IPA_IRQHandler
                0x000000000800105c                TIMER5_DAC_IRQHandler
                0x000000000800105c                TIMER0_TRG_CMT_TIMER10_IRQHandler
                0x000000000800105c                USBFS_IRQHandler
                0x000000000800105c                TIMER3_IRQHandler
                0x000000000800105c                DMA0_Channel6_IRQHandler
                0x000000000800105c                I2C0_EV_IRQHandler
                0x000000000800105c                EXTI0_IRQHandler
                0x000000000800105c                I2C2_EV_IRQHandler
                0x000000000800105c                CAN1_RX0_IRQHandler
                0x000000000800105c                FPU_IRQHandler
                0x000000000800105c                TIMER7_TRG_CMT_TIMER13_IRQHandler
                0x000000000800105c                UsageFault_Handler
                0x000000000800105c                TIMER4_IRQHandler
                0x000000000800105c                SPI1_IRQHandler
                0x000000000800105c                DMA0_Channel0_IRQHandler
                0x000000000800105c                TIMER0_BRK_TIMER8_IRQHandler
                0x000000000800105c                DMA1_Channel0_IRQHandler
                0x000000000800105c                TIMER7_BRK_TIMER11_IRQHandler
                0x000000000800105c                TIMER6_IRQHandler
                0x000000000800105c                DMA1_Channel4_IRQHandler
                0x000000000800105c                DMA0_Channel3_IRQHandler
                0x000000000800105c                I2C0_ER_IRQHandler
                0x000000000800105c                TLI_IRQHandler
                0x000000000800105c                TIMER0_UP_TIMER9_IRQHandler
                0x000000000800105c                DMA1_Channel7_IRQHandler
                0x000000000800105c                CAN1_RX1_IRQHandler
                0x000000000800105c                DMA0_Channel2_IRQHandler
                0x000000000800105c                USART0_IRQHandler
                0x000000000800105c                TIMER1_IRQHandler
                0x000000000800105c                I2C1_EV_IRQHandler
                0x000000000800105c                UART4_IRQHandler
                0x000000000800105c                EXTI10_15_IRQHandler
                0x000000000800105c                DMA1_Channel1_IRQHandler
                0x000000000800105c                Default_Handler
                0x000000000800105c                TIMER7_Channel_IRQHandler
                0x000000000800105c                DMA0_Channel7_IRQHandler
                0x000000000800105c                ADC_IRQHandler
                0x000000000800105c                CAN0_TX_IRQHandler
                0x000000000800105c                WWDGT_IRQHandler
                0x000000000800105c                EXMC_IRQHandler
                0x000000000800105c                SPI5_IRQHandler
                0x000000000800105c                TAMPER_STAMP_IRQHandler
                0x000000000800105c                RTC_WKUP_IRQHandler
                0x000000000800105c                SPI2_IRQHandler
                0x000000000800105c                MemManage_Handler
                0x000000000800105c                CAN1_TX_IRQHandler
                0x000000000800105c                SVC_Handler
                0x000000000800105c                RCU_CTC_IRQHandler
                0x000000000800105c                DMA1_Channel5_IRQHandler
                0x000000000800105c                EXTI4_IRQHandler
                0x000000000800105c                CAN0_RX1_IRQHandler
                0x000000000800105c                DMA0_Channel5_IRQHandler
                0x000000000800105c                DMA1_Channel3_IRQHandler
                0x000000000800105c                EXTI5_9_IRQHandler
                0x000000000800105c                DMA0_Channel1_IRQHandler
                0x000000000800105c                TIMER0_Channel_IRQHandler
                0x000000000800105c                EXTI1_IRQHandler
                0x000000000800105c                ENET_WKUP_IRQHandler
                0x000000000800105c                USBHS_EP1_In_IRQHandler
                0x000000000800105c                SPI0_IRQHandler
                0x000000000800105c                UART7_IRQHandler
                0x000000000800105c                USART2_IRQHandler
                0x000000000800105c                UART6_IRQHandler
                0x000000000800105c                CAN0_EWMC_IRQHandler
                0x000000000800105c                CAN0_RX0_IRQHandler
                0x000000000800105c                I2C2_ER_IRQHandler
                0x000000000800105c                DMA1_Channel2_IRQHandler
                0x000000000800105c                TLI_ER_IRQHandler
                0x000000000800105c                BusFault_Handler
                0x000000000800105c                USART1_IRQHandler
                0x000000000800105c                SPI3_IRQHandler
                0x000000000800105c                UART3_IRQHandler
                0x000000000800105c                I2C1_ER_IRQHandler
                0x000000000800105c                FMC_IRQHandler
                0x000000000800105c                USBHS_WKUP_IRQHandler
                0x000000000800105c                DMA0_Channel4_IRQHandler
                0x000000000800105c                TRNG_IRQHandler
                0x000000000800105c                ENET_IRQHandler
                0x000000000800105c                RTC_Alarm_IRQHandler
 *(.rodata)
 *fill*         0x000000000800105e        0x2 00000000
 .rodata        0x0000000008001060       0x18 build/gd32f4xx_rcu.o
 *(.rodata*)
 *(.glue_7)
 .glue_7        0x0000000008001078        0x0 linker stubs
 *(.glue_7t)
 .glue_7t       0x0000000008001078        0x0 linker stubs
 *(.gnu.linkonce.t*)
                0x0000000008001078                . = ALIGN (0x4)
                0x0000000008001078                __fsymtab_start = .
 *(FSymTab)
                0x0000000008001078                __fsymtab_end = .
                0x0000000008001078                . = ALIGN (0x4)
                0x0000000008001078                __vsymtab_start = .
 *(VSymTab)
                0x0000000008001078                __vsymtab_end = .
                0x0000000008001078                . = ALIGN (0x4)
                0x0000000008001078                . = ALIGN (0x4)
                0x0000000008001078                __rt_init_start = .
 *(SORT_BY_NAME(.rti_fn*))
                0x0000000008001078                __rt_init_end = .
                0x0000000008001078                . = ALIGN (0x4)
                0x0000000008001078                . = ALIGN (0x4)
                0x0000000008001078                _etext = .
                0x0000000008001078                __exidx_start = .

.vfp11_veneer   0x0000000008001078        0x0
 .vfp11_veneer  0x0000000008001078        0x0 linker stubs

.v4_bx          0x0000000008001078        0x0
 .v4_bx         0x0000000008001078        0x0 linker stubs

.init           0x0000000008001078        0x4
 .init          0x0000000008001078        0x4 /Applications/ARM/bin/../lib/gcc/arm-none-eabi/10.3.1/thumb/v7e-m/nofp/crti.o
                0x0000000008001078                _init

.fini           0x000000000800107c        0x4
 .fini          0x000000000800107c        0x4 /Applications/ARM/bin/../lib/gcc/arm-none-eabi/10.3.1/thumb/v7e-m/nofp/crti.o
                0x000000000800107c                _fini

.iplt           0x0000000008001080        0x0
 .iplt          0x0000000008001080        0x0 build/gd32f4xx_rcu.o

.rel.dyn        0x0000000008001080        0x0
 .rel.iplt      0x0000000008001080        0x0 build/gd32f4xx_rcu.o

.ARM.exidx      0x0000000008001080        0x0
 *(.ARM.exidx* .gnu.linkonce.armexidx.*)
                0x0000000008001080                _sidata = .
                0x0000000008001080                __exidx_end = .

.data           0x0000000020000000       0x10 load address 0x0000000008001080
                0x0000000020000000                . = ALIGN (0x4)
                0x0000000020000000                _sdata = .
 *(.data)
 *(.data.*)
 .data.txbuffer
                0x0000000020000000        0xd build/main.o
                0x0000000020000000                txbuffer
 *(.gnu.linkonce.d*)
                0x0000000020000010                . = ALIGN (0x4)
 *fill*         0x000000002000000d        0x3 
                0x0000000020000010                _edata = .

.igot.plt       0x0000000020000010        0x0 load address 0x0000000008001090
 .igot.plt      0x0000000020000010        0x0 build/gd32f4xx_rcu.o

.stack          0x0000000020000010      0x200 load address 0x0000000008001090
                0x0000000020000210                . = (. + _system_stack_size)
 *fill*         0x0000000020000010      0x200 
                0x0000000020000210                . = ALIGN (0x4)
                0x0000000020000210                _estack = .
                0x0000000020000210                __bss_start = .

.bss            0x0000000020000210        0x4 load address 0x0000000008001290
                0x0000000020000210                . = ALIGN (0x4)
                0x0000000020000210                _sbss = .
 *(.bss)
 *(.bss.*)
 .bss.x         0x0000000020000210        0x1 build/main.o
                0x0000000020000210                x
 *(COMMON)
                0x0000000020000214                . = ALIGN (0x4)
 *fill*         0x0000000020000211        0x3 
                0x0000000020000214                _ebss = .
 *(.bss.init)
                0x0000000020000214                __bss_end = .
                0x0000000020000214                _end = .

.stab
 *(.stab)

.stabstr
 *(.stabstr)

.stab.excl
 *(.stab.excl)

.stab.exclstr
 *(.stab.exclstr)

.stab.index
 *(.stab.index)

.stab.indexstr
 *(.stab.indexstr)

.comment        0x0000000000000000       0x49
 *(.comment)
 .comment       0x0000000000000000       0x49 build/system_gd32f4xx.o
                                         0x4a (size before relaxing)
 .comment       0x0000000000000049       0x4a build/gd32f4xx_misc.o
 .comment       0x0000000000000049       0x4a build/gd32f4xx_rcu.o
 .comment       0x0000000000000049       0x4a build/gd32f4xx_usart.o
 .comment       0x0000000000000049       0x4a build/gd32f4xx_gpio.o
 .comment       0x0000000000000049       0x4a build/gd32f4xx_dma.o
 .comment       0x0000000000000049       0x4a build/main.o

.ARM.attributes
                0x0000000000000000       0x2a
 .ARM.attributes
                0x0000000000000000       0x1e /Applications/ARM/bin/../lib/gcc/arm-none-eabi/10.3.1/thumb/v7e-m/nofp/crti.o
 .ARM.attributes
                0x000000000000001e       0x2e build/system_gd32f4xx.o
 .ARM.attributes
                0x000000000000004c       0x2e build/gd32f4xx_misc.o
 .ARM.attributes
                0x000000000000007a       0x2e build/gd32f4xx_rcu.o
 .ARM.attributes
                0x00000000000000a8       0x2e build/gd32f4xx_usart.o
 .ARM.attributes
                0x00000000000000d6       0x2e build/gd32f4xx_gpio.o
 .ARM.attributes
                0x0000000000000104       0x2e build/gd32f4xx_dma.o
 .ARM.attributes
                0x0000000000000132       0x2e build/main.o
 .ARM.attributes
                0x0000000000000160       0x21 build/startup_gd32f450_470.o

.debug
 *(.debug)

.line
 *(.line)

.debug_srcinfo
 *(.debug_srcinfo)

.debug_sfnames
 *(.debug_sfnames)

.debug_aranges  0x0000000000000000      0x590
 *(.debug_aranges)
 .debug_aranges
                0x0000000000000000       0x28 build/system_gd32f4xx.o
 .debug_aranges
                0x0000000000000028       0x50 build/gd32f4xx_misc.o
 .debug_aranges
                0x0000000000000078      0x140 build/gd32f4xx_rcu.o
 .debug_aranges
                0x00000000000001b8      0x1c8 build/gd32f4xx_usart.o
 .debug_aranges
                0x0000000000000380       0x90 build/gd32f4xx_gpio.o
 .debug_aranges
                0x0000000000000410      0x118 build/gd32f4xx_dma.o
 .debug_aranges
                0x0000000000000528       0x40 build/main.o
 .debug_aranges
                0x0000000000000568       0x28 build/startup_gd32f450_470.o

.debug_pubnames
 *(.debug_pubnames)

.debug_info     0x0000000000000000     0x5948
 *(.debug_info .gnu.linkonce.wi.*)
 .debug_info    0x0000000000000000      0x2b6 build/system_gd32f4xx.o
 .debug_info    0x00000000000002b6      0x63a build/gd32f4xx_misc.o
 .debug_info    0x00000000000008f0     0x173d build/gd32f4xx_rcu.o
 .debug_info    0x000000000000202d     0x131d build/gd32f4xx_usart.o
 .debug_info    0x000000000000334a      0x8ba build/gd32f4xx_gpio.o
 .debug_info    0x0000000000003c04      0xe75 build/gd32f4xx_dma.o
 .debug_info    0x0000000000004a79      0xead build/main.o
 .debug_info    0x0000000000005926       0x22 build/startup_gd32f450_470.o

.debug_abbrev   0x0000000000000000      0xf0e
 *(.debug_abbrev)
 .debug_abbrev  0x0000000000000000      0x180 build/system_gd32f4xx.o
 .debug_abbrev  0x0000000000000180      0x19f build/gd32f4xx_misc.o
 .debug_abbrev  0x000000000000031f      0x2ff build/gd32f4xx_rcu.o
 .debug_abbrev  0x000000000000061e      0x2b3 build/gd32f4xx_usart.o
 .debug_abbrev  0x00000000000008d1      0x235 build/gd32f4xx_gpio.o
 .debug_abbrev  0x0000000000000b06      0x22e build/gd32f4xx_dma.o
 .debug_abbrev  0x0000000000000d34      0x1c8 build/main.o
 .debug_abbrev  0x0000000000000efc       0x12 build/startup_gd32f450_470.o

.debug_line     0x0000000000000000     0x374f
 *(.debug_line)
 .debug_line    0x0000000000000000      0x3f0 build/system_gd32f4xx.o
 .debug_line    0x00000000000003f0      0x2de build/gd32f4xx_misc.o
 .debug_line    0x00000000000006ce      0xc21 build/gd32f4xx_rcu.o
 .debug_line    0x00000000000012ef      0xace build/gd32f4xx_usart.o
 .debug_line    0x0000000000001dbd      0xaab build/gd32f4xx_gpio.o
 .debug_line    0x0000000000002868      0xb49 build/gd32f4xx_dma.o
 .debug_line    0x00000000000033b1      0x305 build/main.o
 .debug_line    0x00000000000036b6       0x99 build/startup_gd32f450_470.o

.debug_frame    0x0000000000000000      0xc9c
 *(.debug_frame)
 .debug_frame   0x0000000000000000       0x5c build/system_gd32f4xx.o
 .debug_frame   0x000000000000005c       0x8c build/gd32f4xx_misc.o
 .debug_frame   0x00000000000000e8      0x34c build/gd32f4xx_rcu.o
 .debug_frame   0x0000000000000434      0x3f4 build/gd32f4xx_usart.o
 .debug_frame   0x0000000000000828      0x168 build/gd32f4xx_gpio.o
 .debug_frame   0x0000000000000990      0x268 build/gd32f4xx_dma.o
 .debug_frame   0x0000000000000bf8       0xa4 build/main.o

.debug_str      0x0000000000000000     0x30e2
 *(.debug_str)
 .debug_str     0x0000000000000000      0x270 build/system_gd32f4xx.o
                                        0x2d3 (size before relaxing)
 .debug_str     0x0000000000000270      0x23b build/gd32f4xx_misc.o
                                        0x3e3 (size before relaxing)
 .debug_str     0x00000000000004ab     0x14b2 build/gd32f4xx_rcu.o
                                       0x16ac (size before relaxing)
 .debug_str     0x000000000000195d      0x9c0 build/gd32f4xx_usart.o
                                        0xf13 (size before relaxing)
 .debug_str     0x000000000000231d      0x197 build/gd32f4xx_gpio.o
                                        0x6ab (size before relaxing)
 .debug_str     0x00000000000024b4      0x5f5 build/gd32f4xx_dma.o
                                        0x7ff (size before relaxing)
 .debug_str     0x0000000000002aa9      0x5ef build/main.o
                                       0x1038 (size before relaxing)
 .debug_str     0x0000000000003098       0x4a build/startup_gd32f450_470.o
                                         0xa0 (size before relaxing)

.debug_loc      0x0000000000000000     0x3cbd
 *(.debug_loc)
 .debug_loc     0x0000000000000000      0x1a2 build/system_gd32f4xx.o
 .debug_loc     0x00000000000001a2      0x2b0 build/gd32f4xx_misc.o
 .debug_loc     0x0000000000000452     0x100f build/gd32f4xx_rcu.o
 .debug_loc     0x0000000000001461      0x989 build/gd32f4xx_usart.o
 .debug_loc     0x0000000000001dea      0x9f8 build/gd32f4xx_gpio.o
 .debug_loc     0x00000000000027e2     0x13e9 build/gd32f4xx_dma.o
 .debug_loc     0x0000000000003bcb       0xf2 build/main.o

.debug_macinfo
 *(.debug_macinfo)

.debug_weaknames
 *(.debug_weaknames)

.debug_funcnames
 *(.debug_funcnames)

.debug_typenames
 *(.debug_typenames)

.debug_varnames
 *(.debug_varnames)
OUTPUT(build/450_led.elf elf32-littlearm)
LOAD linker stubs

.debug_ranges   0x0000000000000000      0x658
 .debug_ranges  0x0000000000000000       0x38 build/system_gd32f4xx.o
 .debug_ranges  0x0000000000000038       0x58 build/gd32f4xx_misc.o
 .debug_ranges  0x0000000000000090      0x220 build/gd32f4xx_rcu.o
 .debug_ranges  0x00000000000002b0      0x1b8 build/gd32f4xx_usart.o
 .debug_ranges  0x0000000000000468       0x80 build/gd32f4xx_gpio.o
 .debug_ranges  0x00000000000004e8      0x108 build/gd32f4xx_dma.o
 .debug_ranges  0x00000000000005f0       0x48 build/main.o
 .debug_ranges  0x0000000000000638       0x20 build/startup_gd32f450_470.o

Cross Reference Table

Symbol                                            File
ADC_IRQHandler                                    build/startup_gd32f450_470.o
BusFault_Handler                                  build/startup_gd32f450_470.o
CAN0_EWMC_IRQHandler                              build/startup_gd32f450_470.o
CAN0_RX0_IRQHandler                               build/startup_gd32f450_470.o
CAN0_RX1_IRQHandler                               build/startup_gd32f450_470.o
CAN0_TX_IRQHandler                                build/startup_gd32f450_470.o
CAN1_EWMC_IRQHandler                              build/startup_gd32f450_470.o
CAN1_RX0_IRQHandler                               build/startup_gd32f450_470.o
CAN1_RX1_IRQHandler                               build/startup_gd32f450_470.o
CAN1_TX_IRQHandler                                build/startup_gd32f450_470.o
DCI_IRQHandler                                    build/startup_gd32f450_470.o
DMA0_Channel0_IRQHandler                          build/startup_gd32f450_470.o
DMA0_Channel1_IRQHandler                          build/startup_gd32f450_470.o
DMA0_Channel2_IRQHandler                          build/startup_gd32f450_470.o
DMA0_Channel3_IRQHandler                          build/startup_gd32f450_470.o
DMA0_Channel4_IRQHandler                          build/startup_gd32f450_470.o
DMA0_Channel5_IRQHandler                          build/startup_gd32f450_470.o
DMA0_Channel6_IRQHandler                          build/startup_gd32f450_470.o
DMA0_Channel7_IRQHandler                          build/startup_gd32f450_470.o
DMA1_Channel0_IRQHandler                          build/startup_gd32f450_470.o
DMA1_Channel1_IRQHandler                          build/startup_gd32f450_470.o
DMA1_Channel2_IRQHandler                          build/startup_gd32f450_470.o
DMA1_Channel3_IRQHandler                          build/startup_gd32f450_470.o
DMA1_Channel4_IRQHandler                          build/startup_gd32f450_470.o
DMA1_Channel5_IRQHandler                          build/startup_gd32f450_470.o
DMA1_Channel6_IRQHandler                          build/main.o
DMA1_Channel7_IRQHandler                          build/startup_gd32f450_470.o
DebugMon_Handler                                  build/startup_gd32f450_470.o
Default_Handler                                   build/startup_gd32f450_470.o
ENET_IRQHandler                                   build/startup_gd32f450_470.o
ENET_WKUP_IRQHandler                              build/startup_gd32f450_470.o
EXMC_IRQHandler                                   build/startup_gd32f450_470.o
EXTI0_IRQHandler                                  build/startup_gd32f450_470.o
EXTI10_15_IRQHandler                              build/startup_gd32f450_470.o
EXTI1_IRQHandler                                  build/startup_gd32f450_470.o
EXTI2_IRQHandler                                  build/startup_gd32f450_470.o
EXTI3_IRQHandler                                  build/startup_gd32f450_470.o
EXTI4_IRQHandler                                  build/startup_gd32f450_470.o
EXTI5_9_IRQHandler                                build/startup_gd32f450_470.o
FMC_IRQHandler                                    build/startup_gd32f450_470.o
FPU_IRQHandler                                    build/startup_gd32f450_470.o
HardFault_Handler                                 build/startup_gd32f450_470.o
I2C0_ER_IRQHandler                                build/startup_gd32f450_470.o
I2C0_EV_IRQHandler                                build/startup_gd32f450_470.o
I2C1_ER_IRQHandler                                build/startup_gd32f450_470.o
I2C1_EV_IRQHandler                                build/startup_gd32f450_470.o
I2C2_ER_IRQHandler                                build/startup_gd32f450_470.o
I2C2_EV_IRQHandler                                build/startup_gd32f450_470.o
IPA_IRQHandler                                    build/startup_gd32f450_470.o
LVD_IRQHandler                                    build/startup_gd32f450_470.o
MemManage_Handler                                 build/startup_gd32f450_470.o
NMI_Handler                                       build/startup_gd32f450_470.o
PendSV_Handler                                    build/startup_gd32f450_470.o
RCU_CTC_IRQHandler                                build/startup_gd32f450_470.o
RTC_Alarm_IRQHandler                              build/startup_gd32f450_470.o
RTC_WKUP_IRQHandler                               build/startup_gd32f450_470.o
Reset_Handler                                     build/startup_gd32f450_470.o
SDIO_IRQHandler                                   build/startup_gd32f450_470.o
SPI0_IRQHandler                                   build/startup_gd32f450_470.o
SPI1_IRQHandler                                   build/startup_gd32f450_470.o
SPI2_IRQHandler                                   build/startup_gd32f450_470.o
SPI3_IRQHandler                                   build/startup_gd32f450_470.o
SPI4_IRQHandler                                   build/startup_gd32f450_470.o
SPI5_IRQHandler                                   build/startup_gd32f450_470.o
SVC_Handler                                       build/startup_gd32f450_470.o
SysTick_Handler                                   build/startup_gd32f450_470.o
SystemCoreClock                                   build/system_gd32f4xx.o
SystemCoreClockUpdate                             build/system_gd32f4xx.o
SystemInit                                        build/system_gd32f4xx.o
                                                  build/startup_gd32f450_470.o
TAMPER_STAMP_IRQHandler                           build/startup_gd32f450_470.o
TIMER0_BRK_TIMER8_IRQHandler                      build/startup_gd32f450_470.o
TIMER0_Channel_IRQHandler                         build/startup_gd32f450_470.o
TIMER0_TRG_CMT_TIMER10_IRQHandler                 build/startup_gd32f450_470.o
TIMER0_UP_TIMER9_IRQHandler                       build/startup_gd32f450_470.o
TIMER1_IRQHandler                                 build/startup_gd32f450_470.o
TIMER2_IRQHandler                                 build/startup_gd32f450_470.o
TIMER3_IRQHandler                                 build/startup_gd32f450_470.o
TIMER4_IRQHandler                                 build/startup_gd32f450_470.o
TIMER5_DAC_IRQHandler                             build/startup_gd32f450_470.o
TIMER6_IRQHandler                                 build/startup_gd32f450_470.o
TIMER7_BRK_TIMER11_IRQHandler                     build/startup_gd32f450_470.o
TIMER7_Channel_IRQHandler                         build/startup_gd32f450_470.o
TIMER7_TRG_CMT_TIMER13_IRQHandler                 build/startup_gd32f450_470.o
TIMER7_UP_TIMER12_IRQHandler                      build/startup_gd32f450_470.o
TLI_ER_IRQHandler                                 build/startup_gd32f450_470.o
TLI_IRQHandler                                    build/startup_gd32f450_470.o
TRNG_IRQHandler                                   build/startup_gd32f450_470.o
UART3_IRQHandler                                  build/startup_gd32f450_470.o
UART4_IRQHandler                                  build/startup_gd32f450_470.o
UART6_IRQHandler                                  build/startup_gd32f450_470.o
UART7_IRQHandler                                  build/startup_gd32f450_470.o
USART0_IRQHandler                                 build/startup_gd32f450_470.o
USART1_IRQHandler                                 build/startup_gd32f450_470.o
USART2_IRQHandler                                 build/startup_gd32f450_470.o
USART5_IRQHandler                                 build/main.o
USBFS_IRQHandler                                  build/startup_gd32f450_470.o
USBFS_WKUP_IRQHandler                             build/startup_gd32f450_470.o
USBHS_EP1_In_IRQHandler                           build/startup_gd32f450_470.o
USBHS_EP1_Out_IRQHandler                          build/startup_gd32f450_470.o
USBHS_IRQHandler                                  build/startup_gd32f450_470.o
USBHS_WKUP_IRQHandler                             build/startup_gd32f450_470.o
UsageFault_Handler                                build/startup_gd32f450_470.o
WWDGT_IRQHandler                                  build/startup_gd32f450_470.o
__bss_end__                                       /Applications/ARM/bin/../lib/gcc/arm-none-eabi/10.3.1/../../../../arm-none-eabi/lib/thumb/v7e-m/nofp/crt0.o
__bss_start__                                     /Applications/ARM/bin/../lib/gcc/arm-none-eabi/10.3.1/../../../../arm-none-eabi/lib/thumb/v7e-m/nofp/crt0.o
__call_exitprocs                                  /Applications/ARM/bin/../lib/gcc/arm-none-eabi/10.3.1/../../../../arm-none-eabi/lib/thumb/v7e-m/nofp/libc_nano.a(lib_a-exit.o)
__deregister_frame_info                           /Applications/ARM/bin/../lib/gcc/arm-none-eabi/10.3.1/thumb/v7e-m/nofp/crtbegin.o
__dso_handle                                      /Applications/ARM/bin/../lib/gcc/arm-none-eabi/10.3.1/thumb/v7e-m/nofp/crtbegin.o
__init_array_end                                  /Applications/ARM/bin/../lib/gcc/arm-none-eabi/10.3.1/../../../../arm-none-eabi/lib/thumb/v7e-m/nofp/libc_nano.a(lib_a-init.o)
__init_array_start                                /Applications/ARM/bin/../lib/gcc/arm-none-eabi/10.3.1/../../../../arm-none-eabi/lib/thumb/v7e-m/nofp/libc_nano.a(lib_a-init.o)
__libc_fini_array                                 /Applications/ARM/bin/../lib/gcc/arm-none-eabi/10.3.1/../../../../arm-none-eabi/lib/thumb/v7e-m/nofp/crt0.o
__libc_init_array                                 /Applications/ARM/bin/../lib/gcc/arm-none-eabi/10.3.1/../../../../arm-none-eabi/lib/thumb/v7e-m/nofp/libc_nano.a(lib_a-init.o)
                                                  /Applications/ARM/bin/../lib/gcc/arm-none-eabi/10.3.1/../../../../arm-none-eabi/lib/thumb/v7e-m/nofp/crt0.o
__preinit_array_end                               /Applications/ARM/bin/../lib/gcc/arm-none-eabi/10.3.1/../../../../arm-none-eabi/lib/thumb/v7e-m/nofp/libc_nano.a(lib_a-init.o)
__preinit_array_start                             /Applications/ARM/bin/../lib/gcc/arm-none-eabi/10.3.1/../../../../arm-none-eabi/lib/thumb/v7e-m/nofp/libc_nano.a(lib_a-init.o)
__register_frame_info                             /Applications/ARM/bin/../lib/gcc/arm-none-eabi/10.3.1/thumb/v7e-m/nofp/crtbegin.o
__sf_fake_stderr                                  /Applications/ARM/bin/../lib/gcc/arm-none-eabi/10.3.1/../../../../arm-none-eabi/lib/thumb/v7e-m/nofp/libc_nano.a(lib_a-impure.o)
__sf_fake_stdin                                   /Applications/ARM/bin/../lib/gcc/arm-none-eabi/10.3.1/../../../../arm-none-eabi/lib/thumb/v7e-m/nofp/libc_nano.a(lib_a-impure.o)
__sf_fake_stdout                                  /Applications/ARM/bin/../lib/gcc/arm-none-eabi/10.3.1/../../../../arm-none-eabi/lib/thumb/v7e-m/nofp/libc_nano.a(lib_a-impure.o)
__stack                                           /Applications/ARM/bin/../lib/gcc/arm-none-eabi/10.3.1/../../../../arm-none-eabi/lib/thumb/v7e-m/nofp/crt0.o
_ebss                                             build/startup_gd32f450_470.o
_edata                                            build/startup_gd32f450_470.o
_estack                                           build/startup_gd32f450_470.o
_exit                                             /Applications/ARM/bin/../lib/gcc/arm-none-eabi/10.3.1/../../../../arm-none-eabi/lib/thumb/v7e-m/nofp/libnosys.a(_exit.o)
                                                  /Applications/ARM/bin/../lib/gcc/arm-none-eabi/10.3.1/../../../../arm-none-eabi/lib/thumb/v7e-m/nofp/libc_nano.a(lib_a-exit.o)
_fini                                             /Applications/ARM/bin/../lib/gcc/arm-none-eabi/10.3.1/thumb/v7e-m/nofp/crti.o
_global_impure_ptr                                /Applications/ARM/bin/../lib/gcc/arm-none-eabi/10.3.1/../../../../arm-none-eabi/lib/thumb/v7e-m/nofp/libc_nano.a(lib_a-impure.o)
                                                  /Applications/ARM/bin/../lib/gcc/arm-none-eabi/10.3.1/../../../../arm-none-eabi/lib/thumb/v7e-m/nofp/libc_nano.a(lib_a-exit.o)
_impure_ptr                                       /Applications/ARM/bin/../lib/gcc/arm-none-eabi/10.3.1/../../../../arm-none-eabi/lib/thumb/v7e-m/nofp/libc_nano.a(lib_a-impure.o)
_init                                             /Applications/ARM/bin/../lib/gcc/arm-none-eabi/10.3.1/thumb/v7e-m/nofp/crti.o
                                                  /Applications/ARM/bin/../lib/gcc/arm-none-eabi/10.3.1/../../../../arm-none-eabi/lib/thumb/v7e-m/nofp/libc_nano.a(lib_a-init.o)
_mainCRTStartup                                   /Applications/ARM/bin/../lib/gcc/arm-none-eabi/10.3.1/../../../../arm-none-eabi/lib/thumb/v7e-m/nofp/crt0.o
_sbss                                             build/startup_gd32f450_470.o
_sdata                                            build/startup_gd32f450_470.o
_sidata                                           build/startup_gd32f450_470.o
_stack_init                                       /Applications/ARM/bin/../lib/gcc/arm-none-eabi/10.3.1/../../../../arm-none-eabi/lib/thumb/v7e-m/nofp/crt0.o
_start                                            /Applications/ARM/bin/../lib/gcc/arm-none-eabi/10.3.1/../../../../arm-none-eabi/lib/thumb/v7e-m/nofp/crt0.o
adc_calibration_enable                            build/gd32f4xx_adc.o
adc_channel_16_to_18                              build/gd32f4xx_adc.o
adc_channel_length_config                         build/gd32f4xx_adc.o
adc_clock_config                                  build/gd32f4xx_adc.o
adc_data_alignment_config                         build/gd32f4xx_adc.o
adc_deinit                                        build/gd32f4xx_adc.o
adc_disable                                       build/gd32f4xx_adc.o
adc_discontinuous_mode_config                     build/gd32f4xx_adc.o
adc_dma_mode_disable                              build/gd32f4xx_adc.o
adc_dma_mode_enable                               build/gd32f4xx_adc.o
adc_dma_request_after_last_disable                build/gd32f4xx_adc.o
adc_dma_request_after_last_enable                 build/gd32f4xx_adc.o
adc_enable                                        build/gd32f4xx_adc.o
adc_end_of_conversion_config                      build/gd32f4xx_adc.o
adc_external_trigger_config                       build/gd32f4xx_adc.o
adc_external_trigger_source_config                build/gd32f4xx_adc.o
adc_flag_clear                                    build/gd32f4xx_adc.o
adc_flag_get                                      build/gd32f4xx_adc.o
adc_inserted_channel_config                       build/gd32f4xx_adc.o
adc_inserted_channel_offset_config                build/gd32f4xx_adc.o
adc_inserted_data_read                            build/gd32f4xx_adc.o
adc_inserted_software_startconv_flag_get          build/gd32f4xx_adc.o
adc_interrupt_disable                             build/gd32f4xx_adc.o
adc_interrupt_enable                              build/gd32f4xx_adc.o
adc_interrupt_flag_clear                          build/gd32f4xx_adc.o
adc_interrupt_flag_get                            build/gd32f4xx_adc.o
adc_oversample_mode_config                        build/gd32f4xx_adc.o
adc_oversample_mode_disable                       build/gd32f4xx_adc.o
adc_oversample_mode_enable                        build/gd32f4xx_adc.o
adc_resolution_config                             build/gd32f4xx_adc.o
adc_routine_channel_config                        build/gd32f4xx_adc.o
adc_routine_data_read                             build/gd32f4xx_adc.o
adc_routine_software_startconv_flag_get           build/gd32f4xx_adc.o
adc_software_trigger_enable                       build/gd32f4xx_adc.o
adc_special_function_config                       build/gd32f4xx_adc.o
adc_sync_delay_config                             build/gd32f4xx_adc.o
adc_sync_dma_config                               build/gd32f4xx_adc.o
adc_sync_dma_request_after_last_disable           build/gd32f4xx_adc.o
adc_sync_dma_request_after_last_enable            build/gd32f4xx_adc.o
adc_sync_mode_config                              build/gd32f4xx_adc.o
adc_sync_routine_data_read                        build/gd32f4xx_adc.o
adc_watchdog_disable                              build/gd32f4xx_adc.o
adc_watchdog_sequence_channel_enable              build/gd32f4xx_adc.o
adc_watchdog_single_channel_disable               build/gd32f4xx_adc.o
adc_watchdog_single_channel_enable                build/gd32f4xx_adc.o
adc_watchdog_threshold_config                     build/gd32f4xx_adc.o
atexit                                            /Applications/ARM/bin/../lib/gcc/arm-none-eabi/10.3.1/../../../../arm-none-eabi/lib/thumb/v7e-m/nofp/crt0.o
can1_filter_start_bank                            build/gd32f4xx_can.o
can_debug_freeze_disable                          build/gd32f4xx_can.o
can_debug_freeze_enable                           build/gd32f4xx_can.o
can_deinit                                        build/gd32f4xx_can.o
can_error_get                                     build/gd32f4xx_can.o
can_fifo_release                                  build/gd32f4xx_can.o
can_filter_init                                   build/gd32f4xx_can.o
can_flag_clear                                    build/gd32f4xx_can.o
can_flag_get                                      build/gd32f4xx_can.o
can_init                                          build/gd32f4xx_can.o
can_interrupt_disable                             build/gd32f4xx_can.o
can_interrupt_enable                              build/gd32f4xx_can.o
can_interrupt_flag_clear                          build/gd32f4xx_can.o
can_interrupt_flag_get                            build/gd32f4xx_can.o
can_message_receive                               build/gd32f4xx_can.o
can_message_transmit                              build/gd32f4xx_can.o
can_receive_error_number_get                      build/gd32f4xx_can.o
can_receive_message_length_get                    build/gd32f4xx_can.o
can_struct_para_init                              build/gd32f4xx_can.o
can_time_trigger_mode_disable                     build/gd32f4xx_can.o
can_time_trigger_mode_enable                      build/gd32f4xx_can.o
can_transmission_stop                             build/gd32f4xx_can.o
can_transmit_error_number_get                     build/gd32f4xx_can.o
can_transmit_states                               build/gd32f4xx_can.o
can_wakeup                                        build/gd32f4xx_can.o
can_working_mode_set                              build/gd32f4xx_can.o
crc_block_data_calculate                          build/gd32f4xx_crc.o
crc_data_register_read                            build/gd32f4xx_crc.o
crc_data_register_reset                           build/gd32f4xx_crc.o
crc_deinit                                        build/gd32f4xx_crc.o
crc_free_data_register_read                       build/gd32f4xx_crc.o
crc_free_data_register_write                      build/gd32f4xx_crc.o
crc_single_data_calculate                         build/gd32f4xx_crc.o
ctc_clock_limit_value_config                      build/gd32f4xx_ctc.o
ctc_counter_capture_value_read                    build/gd32f4xx_ctc.o
ctc_counter_direction_read                        build/gd32f4xx_ctc.o
ctc_counter_disable                               build/gd32f4xx_ctc.o
ctc_counter_enable                                build/gd32f4xx_ctc.o
ctc_counter_reload_value_config                   build/gd32f4xx_ctc.o
ctc_counter_reload_value_read                     build/gd32f4xx_ctc.o
ctc_deinit                                        build/gd32f4xx_ctc.o
ctc_flag_clear                                    build/gd32f4xx_ctc.o
ctc_flag_get                                      build/gd32f4xx_ctc.o
ctc_hardware_trim_mode_config                     build/gd32f4xx_ctc.o
ctc_interrupt_disable                             build/gd32f4xx_ctc.o
ctc_interrupt_enable                              build/gd32f4xx_ctc.o
ctc_interrupt_flag_clear                          build/gd32f4xx_ctc.o
ctc_interrupt_flag_get                            build/gd32f4xx_ctc.o
ctc_irc48m_trim_value_config                      build/gd32f4xx_ctc.o
ctc_irc48m_trim_value_read                        build/gd32f4xx_ctc.o
ctc_refsource_polarity_config                     build/gd32f4xx_ctc.o
ctc_refsource_prescaler_config                    build/gd32f4xx_ctc.o
ctc_refsource_signal_select                       build/gd32f4xx_ctc.o
ctc_software_refsource_pulse_generate             build/gd32f4xx_ctc.o
dac_concurrent_data_set                           build/gd32f4xx_dac.o
dac_concurrent_disable                            build/gd32f4xx_dac.o
dac_concurrent_enable                             build/gd32f4xx_dac.o
dac_concurrent_interrupt_disable                  build/gd32f4xx_dac.o
dac_concurrent_interrupt_enable                   build/gd32f4xx_dac.o
dac_concurrent_output_buffer_disable              build/gd32f4xx_dac.o
dac_concurrent_output_buffer_enable               build/gd32f4xx_dac.o
dac_concurrent_software_trigger_disable           build/gd32f4xx_dac.o
dac_concurrent_software_trigger_enable            build/gd32f4xx_dac.o
dac_data_set                                      build/gd32f4xx_dac.o
dac_deinit                                        build/gd32f4xx_dac.o
dac_disable                                       build/gd32f4xx_dac.o
dac_dma_disable                                   build/gd32f4xx_dac.o
dac_dma_enable                                    build/gd32f4xx_dac.o
dac_enable                                        build/gd32f4xx_dac.o
dac_flag_clear                                    build/gd32f4xx_dac.o
dac_flag_get                                      build/gd32f4xx_dac.o
dac_interrupt_disable                             build/gd32f4xx_dac.o
dac_interrupt_enable                              build/gd32f4xx_dac.o
dac_interrupt_flag_clear                          build/gd32f4xx_dac.o
dac_interrupt_flag_get                            build/gd32f4xx_dac.o
dac_lfsr_noise_config                             build/gd32f4xx_dac.o
dac_output_buffer_disable                         build/gd32f4xx_dac.o
dac_output_buffer_enable                          build/gd32f4xx_dac.o
dac_output_value_get                              build/gd32f4xx_dac.o
dac_software_trigger_disable                      build/gd32f4xx_dac.o
dac_software_trigger_enable                       build/gd32f4xx_dac.o
dac_triangle_noise_config                         build/gd32f4xx_dac.o
dac_trigger_disable                               build/gd32f4xx_dac.o
dac_trigger_enable                                build/gd32f4xx_dac.o
dac_trigger_source_config                         build/gd32f4xx_dac.o
dac_wave_bit_width_config                         build/gd32f4xx_dac.o
dac_wave_mode_config                              build/gd32f4xx_dac.o
dbg_deinit                                        build/gd32f4xx_dbg.o
dbg_id_get                                        build/gd32f4xx_dbg.o
dbg_low_power_disable                             build/gd32f4xx_dbg.o
dbg_low_power_enable                              build/gd32f4xx_dbg.o
dbg_periph_disable                                build/gd32f4xx_dbg.o
                                                  build/gd32f4xx_can.o
dbg_periph_enable                                 build/gd32f4xx_dbg.o
                                                  build/gd32f4xx_can.o
dbg_trace_pin_disable                             build/gd32f4xx_dbg.o
dbg_trace_pin_enable                              build/gd32f4xx_dbg.o
dci_capture_disable                               build/gd32f4xx_dci.o
dci_capture_enable                                build/gd32f4xx_dci.o
dci_crop_window_config                            build/gd32f4xx_dci.o
dci_crop_window_disable                           build/gd32f4xx_dci.o
dci_crop_window_enable                            build/gd32f4xx_dci.o
dci_data_read                                     build/gd32f4xx_dci.o
dci_deinit                                        build/gd32f4xx_dci.o
dci_disable                                       build/gd32f4xx_dci.o
dci_embedded_sync_disable                         build/gd32f4xx_dci.o
dci_embedded_sync_enable                          build/gd32f4xx_dci.o
dci_enable                                        build/gd32f4xx_dci.o
dci_flag_get                                      build/gd32f4xx_dci.o
dci_init                                          build/gd32f4xx_dci.o
dci_interrupt_disable                             build/gd32f4xx_dci.o
dci_interrupt_enable                              build/gd32f4xx_dci.o
dci_interrupt_flag_clear                          build/gd32f4xx_dci.o
dci_interrupt_flag_get                            build/gd32f4xx_dci.o
dci_jpeg_disable                                  build/gd32f4xx_dci.o
dci_jpeg_enable                                   build/gd32f4xx_dci.o
dci_sync_codes_config                             build/gd32f4xx_dci.o
dci_sync_codes_unmask_config                      build/gd32f4xx_dci.o
dma_channel_disable                               build/gd32f4xx_dma.o
dma_channel_enable                                build/gd32f4xx_dma.o
                                                  build/main.o
dma_channel_subperipheral_select                  build/gd32f4xx_dma.o
                                                  build/main.o
dma_circulation_disable                           build/gd32f4xx_dma.o
                                                  build/main.o
dma_circulation_enable                            build/gd32f4xx_dma.o
dma_current_ptp_rxdesc                            build/gd32f4xx_enet.o
dma_current_ptp_txdesc                            build/gd32f4xx_enet.o
dma_current_rxdesc                                build/gd32f4xx_enet.o
dma_current_txdesc                                build/gd32f4xx_enet.o
dma_deinit                                        build/gd32f4xx_dma.o
                                                  build/main.o
dma_fifo_status_get                               build/gd32f4xx_dma.o
dma_flag_clear                                    build/gd32f4xx_dma.o
dma_flag_get                                      build/gd32f4xx_dma.o
dma_flow_controller_config                        build/gd32f4xx_dma.o
dma_interrupt_disable                             build/gd32f4xx_dma.o
dma_interrupt_enable                              build/gd32f4xx_dma.o
                                                  build/main.o
dma_interrupt_flag_clear                          build/gd32f4xx_dma.o
                                                  build/main.o
dma_interrupt_flag_get                            build/gd32f4xx_dma.o
                                                  build/main.o
dma_memory_address_config                         build/gd32f4xx_dma.o
dma_memory_address_generation_config              build/gd32f4xx_dma.o
dma_memory_burst_beats_config                     build/gd32f4xx_dma.o
dma_memory_width_config                           build/gd32f4xx_dma.o
dma_multi_data_mode_init                          build/gd32f4xx_dma.o
dma_multi_data_para_struct_init                   build/gd32f4xx_dma.o
dma_periph_address_config                         build/gd32f4xx_dma.o
dma_periph_burst_beats_config                     build/gd32f4xx_dma.o
dma_periph_width_config                           build/gd32f4xx_dma.o
dma_peripheral_address_generation_config          build/gd32f4xx_dma.o
dma_priority_config                               build/gd32f4xx_dma.o
dma_send_message                                  build/main.o
dma_single_data_mode_init                         build/gd32f4xx_dma.o
                                                  build/main.o
dma_single_data_para_struct_init                  build/gd32f4xx_dma.o
dma_switch_buffer_mode_config                     build/gd32f4xx_dma.o
dma_switch_buffer_mode_enable                     build/gd32f4xx_dma.o
dma_transfer_direction_config                     build/gd32f4xx_dma.o
dma_transfer_number_config                        build/gd32f4xx_dma.o
dma_transfer_number_get                           build/gd32f4xx_dma.o
dma_using_memory_get                              build/gd32f4xx_dma.o
enet_address_filter_config                        build/gd32f4xx_enet.o
enet_address_filter_disable                       build/gd32f4xx_enet.o
enet_address_filter_enable                        build/gd32f4xx_enet.o
enet_current_desc_address_get                     build/gd32f4xx_enet.o
enet_debug_status_get                             build/gd32f4xx_enet.o
enet_deinit                                       build/gd32f4xx_enet.o
enet_desc_flag_clear                              build/gd32f4xx_enet.o
enet_desc_flag_get                                build/gd32f4xx_enet.o
enet_desc_flag_set                                build/gd32f4xx_enet.o
enet_desc_information_get                         build/gd32f4xx_enet.o
enet_desc_select_normal_mode                      build/gd32f4xx_enet.o
enet_descriptors_chain_init                       build/gd32f4xx_enet.o
enet_descriptors_ring_init                        build/gd32f4xx_enet.o
enet_disable                                      build/gd32f4xx_enet.o
enet_dma_feature_disable                          build/gd32f4xx_enet.o
enet_dma_feature_enable                           build/gd32f4xx_enet.o
enet_dmaprocess_resume                            build/gd32f4xx_enet.o
enet_dmaprocess_state_get                         build/gd32f4xx_enet.o
enet_enable                                       build/gd32f4xx_enet.o
enet_flag_clear                                   build/gd32f4xx_enet.o
enet_flag_get                                     build/gd32f4xx_enet.o
enet_fliter_feature_disable                       build/gd32f4xx_enet.o
enet_fliter_feature_enable                        build/gd32f4xx_enet.o
enet_flowcontrol_feature_disable                  build/gd32f4xx_enet.o
enet_flowcontrol_feature_enable                   build/gd32f4xx_enet.o
enet_flowcontrol_threshold_config                 build/gd32f4xx_enet.o
enet_forward_feature_disable                      build/gd32f4xx_enet.o
enet_forward_feature_enable                       build/gd32f4xx_enet.o
enet_frame_receive                                build/gd32f4xx_enet.o
enet_frame_transmit                               build/gd32f4xx_enet.o
enet_init                                         build/gd32f4xx_enet.o
enet_initpara_config                              build/gd32f4xx_enet.o
enet_initpara_reset                               build/gd32f4xx_enet.o
enet_interrupt_disable                            build/gd32f4xx_enet.o
enet_interrupt_enable                             build/gd32f4xx_enet.o
enet_interrupt_flag_clear                         build/gd32f4xx_enet.o
enet_interrupt_flag_get                           build/gd32f4xx_enet.o
enet_mac_address_get                              build/gd32f4xx_enet.o
enet_mac_address_set                              build/gd32f4xx_enet.o
enet_missed_frame_counter_get                     build/gd32f4xx_enet.o
enet_msc_counters_get                             build/gd32f4xx_enet.o
enet_msc_counters_preset_config                   build/gd32f4xx_enet.o
enet_msc_counters_reset                           build/gd32f4xx_enet.o
enet_msc_feature_disable                          build/gd32f4xx_enet.o
enet_msc_feature_enable                           build/gd32f4xx_enet.o
enet_pauseframe_config                            build/gd32f4xx_enet.o
enet_pauseframe_detect_config                     build/gd32f4xx_enet.o
enet_pauseframe_generate                          build/gd32f4xx_enet.o
enet_phy_config                                   build/gd32f4xx_enet.o
enet_phy_write_read                               build/gd32f4xx_enet.o
enet_phyloopback_disable                          build/gd32f4xx_enet.o
enet_phyloopback_enable                           build/gd32f4xx_enet.o
enet_ptp_expected_time_config                     build/gd32f4xx_enet.o
enet_ptp_feature_disable                          build/gd32f4xx_enet.o
enet_ptp_feature_enable                           build/gd32f4xx_enet.o
enet_ptp_normal_descriptors_chain_init            build/gd32f4xx_enet.o
enet_ptp_normal_descriptors_ring_init             build/gd32f4xx_enet.o
enet_ptp_pps_output_frequency_config              build/gd32f4xx_enet.o
enet_ptp_subsecond_increment_config               build/gd32f4xx_enet.o
enet_ptp_system_time_get                          build/gd32f4xx_enet.o
enet_ptp_timestamp_addend_config                  build/gd32f4xx_enet.o
enet_ptp_timestamp_function_config                build/gd32f4xx_enet.o
enet_ptp_timestamp_update_config                  build/gd32f4xx_enet.o
enet_ptpframe_receive_normal_mode                 build/gd32f4xx_enet.o
enet_ptpframe_transmit_normal_mode                build/gd32f4xx_enet.o
enet_registers_get                                build/gd32f4xx_enet.o
enet_rx_desc_delay_receive_complete_interrupt     build/gd32f4xx_enet.o
enet_rx_desc_immediate_receive_complete_interrupt build/gd32f4xx_enet.o
enet_rx_disable                                   build/gd32f4xx_enet.o
enet_rx_enable                                    build/gd32f4xx_enet.o
enet_rxframe_drop                                 build/gd32f4xx_enet.o
enet_rxframe_size_get                             build/gd32f4xx_enet.o
enet_rxprocess_check_recovery                     build/gd32f4xx_enet.o
enet_software_reset                               build/gd32f4xx_enet.o
enet_transmit_checksum_config                     build/gd32f4xx_enet.o
enet_tx_disable                                   build/gd32f4xx_enet.o
enet_tx_enable                                    build/gd32f4xx_enet.o
enet_txfifo_flush                                 build/gd32f4xx_enet.o
enet_wum_feature_disable                          build/gd32f4xx_enet.o
enet_wum_feature_enable                           build/gd32f4xx_enet.o
enet_wum_filter_config                            build/gd32f4xx_enet.o
enet_wum_filter_register_pointer_reset            build/gd32f4xx_enet.o
exit                                              /Applications/ARM/bin/../lib/gcc/arm-none-eabi/10.3.1/../../../../arm-none-eabi/lib/thumb/v7e-m/nofp/libc_nano.a(lib_a-exit.o)
                                                  /Applications/ARM/bin/../lib/gcc/arm-none-eabi/10.3.1/../../../../arm-none-eabi/lib/thumb/v7e-m/nofp/crt0.o
exmc_ecc_get                                      build/gd32f4xx_exmc.o
exmc_flag_clear                                   build/gd32f4xx_exmc.o
exmc_flag_get                                     build/gd32f4xx_exmc.o
exmc_interrupt_disable                            build/gd32f4xx_exmc.o
exmc_interrupt_enable                             build/gd32f4xx_exmc.o
exmc_interrupt_flag_clear                         build/gd32f4xx_exmc.o
exmc_interrupt_flag_get                           build/gd32f4xx_exmc.o
exmc_nand_deinit                                  build/gd32f4xx_exmc.o
exmc_nand_disable                                 build/gd32f4xx_exmc.o
exmc_nand_ecc_config                              build/gd32f4xx_exmc.o
exmc_nand_enable                                  build/gd32f4xx_exmc.o
exmc_nand_init                                    build/gd32f4xx_exmc.o
exmc_nand_struct_para_init                        build/gd32f4xx_exmc.o
exmc_norsram_consecutive_clock_config             build/gd32f4xx_exmc.o
exmc_norsram_deinit                               build/gd32f4xx_exmc.o
exmc_norsram_disable                              build/gd32f4xx_exmc.o
exmc_norsram_enable                               build/gd32f4xx_exmc.o
exmc_norsram_init                                 build/gd32f4xx_exmc.o
exmc_norsram_page_size_config                     build/gd32f4xx_exmc.o
exmc_norsram_struct_para_init                     build/gd32f4xx_exmc.o
exmc_pccard_deinit                                build/gd32f4xx_exmc.o
exmc_pccard_disable                               build/gd32f4xx_exmc.o
exmc_pccard_enable                                build/gd32f4xx_exmc.o
exmc_pccard_init                                  build/gd32f4xx_exmc.o
exmc_pccard_struct_para_init                      build/gd32f4xx_exmc.o
exmc_sdram_autorefresh_number_set                 build/gd32f4xx_exmc.o
exmc_sdram_bankstatus_get                         build/gd32f4xx_exmc.o
exmc_sdram_command_config                         build/gd32f4xx_exmc.o
exmc_sdram_deinit                                 build/gd32f4xx_exmc.o
exmc_sdram_init                                   build/gd32f4xx_exmc.o
exmc_sdram_readsample_config                      build/gd32f4xx_exmc.o
exmc_sdram_readsample_enable                      build/gd32f4xx_exmc.o
exmc_sdram_refresh_count_set                      build/gd32f4xx_exmc.o
exmc_sdram_struct_command_para_init               build/gd32f4xx_exmc.o
exmc_sdram_struct_para_init                       build/gd32f4xx_exmc.o
exmc_sdram_write_protection_config                build/gd32f4xx_exmc.o
exmc_sqpipsram_deinit                             build/gd32f4xx_exmc.o
exmc_sqpipsram_high_id_get                        build/gd32f4xx_exmc.o
exmc_sqpipsram_init                               build/gd32f4xx_exmc.o
exmc_sqpipsram_low_id_get                         build/gd32f4xx_exmc.o
exmc_sqpipsram_read_command_set                   build/gd32f4xx_exmc.o
exmc_sqpipsram_read_id_command_send               build/gd32f4xx_exmc.o
exmc_sqpipsram_send_command_state_get             build/gd32f4xx_exmc.o
exmc_sqpipsram_struct_para_init                   build/gd32f4xx_exmc.o
exmc_sqpipsram_write_cmd_send                     build/gd32f4xx_exmc.o
exmc_sqpipsram_write_command_set                  build/gd32f4xx_exmc.o
exti_deinit                                       build/gd32f4xx_exti.o
exti_event_disable                                build/gd32f4xx_exti.o
exti_event_enable                                 build/gd32f4xx_exti.o
exti_flag_clear                                   build/gd32f4xx_exti.o
exti_flag_get                                     build/gd32f4xx_exti.o
exti_init                                         build/gd32f4xx_exti.o
exti_interrupt_disable                            build/gd32f4xx_exti.o
exti_interrupt_enable                             build/gd32f4xx_exti.o
exti_interrupt_flag_clear                         build/gd32f4xx_exti.o
exti_interrupt_flag_get                           build/gd32f4xx_exti.o
exti_software_interrupt_disable                   build/gd32f4xx_exti.o
exti_software_interrupt_enable                    build/gd32f4xx_exti.o
fmc_bank0_erase                                   build/gd32f4xx_fmc.o
fmc_bank1_erase                                   build/gd32f4xx_fmc.o
fmc_byte_program                                  build/gd32f4xx_fmc.o
fmc_flag_clear                                    build/gd32f4xx_fmc.o
fmc_flag_get                                      build/gd32f4xx_fmc.o
fmc_halfword_program                              build/gd32f4xx_fmc.o
fmc_interrupt_disable                             build/gd32f4xx_fmc.o
fmc_interrupt_enable                              build/gd32f4xx_fmc.o
fmc_interrupt_flag_clear                          build/gd32f4xx_fmc.o
fmc_interrupt_flag_get                            build/gd32f4xx_fmc.o
fmc_lock                                          build/gd32f4xx_fmc.o
fmc_mass_erase                                    build/gd32f4xx_fmc.o
fmc_ready_wait                                    build/gd32f4xx_fmc.o
fmc_sector_erase                                  build/gd32f4xx_fmc.o
fmc_state_get                                     build/gd32f4xx_fmc.o
fmc_unlock                                        build/gd32f4xx_fmc.o
fmc_word_program                                  build/gd32f4xx_fmc.o
fmc_wscnt_set                                     build/gd32f4xx_fmc.o
fwdgt_config                                      build/gd32f4xx_fwdgt.o
fwdgt_counter_reload                              build/gd32f4xx_fwdgt.o
fwdgt_enable                                      build/gd32f4xx_fwdgt.o
fwdgt_flag_get                                    build/gd32f4xx_fwdgt.o
fwdgt_prescaler_value_config                      build/gd32f4xx_fwdgt.o
fwdgt_reload_value_config                         build/gd32f4xx_fwdgt.o
fwdgt_write_disable                               build/gd32f4xx_fwdgt.o
fwdgt_write_enable                                build/gd32f4xx_fwdgt.o
g_pfnVectors                                      build/startup_gd32f450_470.o
gpio_af_set                                       build/gd32f4xx_gpio.o
                                                  build/main.o
gpio_bit_reset                                    build/gd32f4xx_gpio.o
gpio_bit_set                                      build/gd32f4xx_gpio.o
gpio_bit_toggle                                   build/gd32f4xx_gpio.o
                                                  build/main.o
gpio_bit_write                                    build/gd32f4xx_gpio.o
gpio_deinit                                       build/gd32f4xx_gpio.o
gpio_input_bit_get                                build/gd32f4xx_gpio.o
gpio_input_port_get                               build/gd32f4xx_gpio.o
gpio_mode_set                                     build/gd32f4xx_gpio.o
                                                  build/main.o
gpio_output_bit_get                               build/gd32f4xx_gpio.o
gpio_output_options_set                           build/gd32f4xx_gpio.o
                                                  build/main.o
gpio_output_port_get                              build/gd32f4xx_gpio.o
gpio_pin_lock                                     build/gd32f4xx_gpio.o
gpio_port_toggle                                  build/gd32f4xx_gpio.o
gpio_port_write                                   build/gd32f4xx_gpio.o
hardware_init_hook                                /Applications/ARM/bin/../lib/gcc/arm-none-eabi/10.3.1/../../../../arm-none-eabi/lib/thumb/v7e-m/nofp/crt0.o
i2c_ack_config                                    build/gd32f4xx_i2c.o
i2c_ackpos_config                                 build/gd32f4xx_i2c.o
i2c_analog_noise_filter_disable                   build/gd32f4xx_i2c.o
i2c_analog_noise_filter_enable                    build/gd32f4xx_i2c.o
i2c_clock_config                                  build/gd32f4xx_i2c.o
i2c_data_receive                                  build/gd32f4xx_i2c.o
i2c_data_transmit                                 build/gd32f4xx_i2c.o
i2c_deinit                                        build/gd32f4xx_i2c.o
i2c_digital_noise_filter_config                   build/gd32f4xx_i2c.o
i2c_disable                                       build/gd32f4xx_i2c.o
i2c_dma_config                                    build/gd32f4xx_i2c.o
i2c_dma_last_transfer_config                      build/gd32f4xx_i2c.o
i2c_dualaddr_disable                              build/gd32f4xx_i2c.o
i2c_dualaddr_enable                               build/gd32f4xx_i2c.o
i2c_enable                                        build/gd32f4xx_i2c.o
i2c_flag_clear                                    build/gd32f4xx_i2c.o
i2c_flag_get                                      build/gd32f4xx_i2c.o
i2c_interrupt_disable                             build/gd32f4xx_i2c.o
i2c_interrupt_enable                              build/gd32f4xx_i2c.o
i2c_interrupt_flag_clear                          build/gd32f4xx_i2c.o
i2c_interrupt_flag_get                            build/gd32f4xx_i2c.o
i2c_master_addressing                             build/gd32f4xx_i2c.o
i2c_mode_addr_config                              build/gd32f4xx_i2c.o
i2c_pec_config                                    build/gd32f4xx_i2c.o
i2c_pec_transfer_config                           build/gd32f4xx_i2c.o
i2c_pec_value_get                                 build/gd32f4xx_i2c.o
i2c_sam_disable                                   build/gd32f4xx_i2c.o
i2c_sam_enable                                    build/gd32f4xx_i2c.o
i2c_sam_timeout_disable                           build/gd32f4xx_i2c.o
i2c_sam_timeout_enable                            build/gd32f4xx_i2c.o
i2c_slave_response_to_gcall_config                build/gd32f4xx_i2c.o
i2c_smbus_alert_config                            build/gd32f4xx_i2c.o
i2c_smbus_arp_config                              build/gd32f4xx_i2c.o
i2c_smbus_type_config                             build/gd32f4xx_i2c.o
i2c_software_reset_config                         build/gd32f4xx_i2c.o
i2c_start_on_bus                                  build/gd32f4xx_i2c.o
i2c_stop_on_bus                                   build/gd32f4xx_i2c.o
i2c_stretch_scl_low_config                        build/gd32f4xx_i2c.o
i2s_disable                                       build/gd32f4xx_spi.o
i2s_enable                                        build/gd32f4xx_spi.o
i2s_full_duplex_mode_config                       build/gd32f4xx_spi.o
i2s_init                                          build/gd32f4xx_spi.o
i2s_psc_config                                    build/gd32f4xx_spi.o
ipa_background_init                               build/gd32f4xx_ipa.o
ipa_background_lut_init                           build/gd32f4xx_ipa.o
ipa_background_lut_loading_enable                 build/gd32f4xx_ipa.o
ipa_background_struct_para_init                   build/gd32f4xx_ipa.o
ipa_deinit                                        build/gd32f4xx_ipa.o
ipa_destination_init                              build/gd32f4xx_ipa.o
ipa_destination_struct_para_init                  build/gd32f4xx_ipa.o
ipa_flag_clear                                    build/gd32f4xx_ipa.o
ipa_flag_get                                      build/gd32f4xx_ipa.o
ipa_foreground_init                               build/gd32f4xx_ipa.o
ipa_foreground_lut_init                           build/gd32f4xx_ipa.o
ipa_foreground_lut_loading_enable                 build/gd32f4xx_ipa.o
ipa_foreground_struct_para_init                   build/gd32f4xx_ipa.o
ipa_inter_timer_config                            build/gd32f4xx_ipa.o
ipa_interrupt_disable                             build/gd32f4xx_ipa.o
ipa_interrupt_enable                              build/gd32f4xx_ipa.o
ipa_interrupt_flag_clear                          build/gd32f4xx_ipa.o
ipa_interrupt_flag_get                            build/gd32f4xx_ipa.o
ipa_interval_clock_num_config                     build/gd32f4xx_ipa.o
ipa_line_mark_config                              build/gd32f4xx_ipa.o
ipa_pixel_format_convert_mode_set                 build/gd32f4xx_ipa.o
ipa_transfer_enable                               build/gd32f4xx_ipa.o
ipa_transfer_hangup_disable                       build/gd32f4xx_ipa.o
ipa_transfer_hangup_enable                        build/gd32f4xx_ipa.o
ipa_transfer_stop_disable                         build/gd32f4xx_ipa.o
ipa_transfer_stop_enable                          build/gd32f4xx_ipa.o
iref_deinit                                       build/gd32f4xx_iref.o
iref_disable                                      build/gd32f4xx_iref.o
iref_enable                                       build/gd32f4xx_iref.o
iref_mode_set                                     build/gd32f4xx_iref.o
iref_precision_trim_value_set                     build/gd32f4xx_iref.o
iref_sink_set                                     build/gd32f4xx_iref.o
iref_step_data_config                             build/gd32f4xx_iref.o
main                                              build/main.o
                                                  build/startup_gd32f450_470.o
                                                  /Applications/ARM/bin/../lib/gcc/arm-none-eabi/10.3.1/../../../../arm-none-eabi/lib/thumb/v7e-m/nofp/crt0.o
memset                                            /Applications/ARM/bin/../lib/gcc/arm-none-eabi/10.3.1/../../../../arm-none-eabi/lib/thumb/v7e-m/nofp/libc_nano.a(lib_a-memset.o)
                                                  /Applications/ARM/bin/../lib/gcc/arm-none-eabi/10.3.1/../../../../arm-none-eabi/lib/thumb/v7e-m/nofp/crt0.o
nvic_irq_disable                                  build/gd32f4xx_misc.o
nvic_irq_enable                                   build/gd32f4xx_misc.o
                                                  build/main.o
nvic_priority_group_set                           build/gd32f4xx_misc.o
nvic_vector_table_set                             build/gd32f4xx_misc.o
ob_boot_mode_config                               build/gd32f4xx_fmc.o
ob_drp0_get                                       build/gd32f4xx_fmc.o
ob_drp1_get                                       build/gd32f4xx_fmc.o
ob_drp_disable                                    build/gd32f4xx_fmc.o
ob_drp_enable                                     build/gd32f4xx_fmc.o
ob_erase                                          build/gd32f4xx_fmc.o
ob_lock                                           build/gd32f4xx_fmc.o
ob_security_protection_config                     build/gd32f4xx_fmc.o
ob_spc_get                                        build/gd32f4xx_fmc.o
ob_start                                          build/gd32f4xx_fmc.o
ob_unlock                                         build/gd32f4xx_fmc.o
ob_user_bor_threshold                             build/gd32f4xx_fmc.o
ob_user_bor_threshold_get                         build/gd32f4xx_fmc.o
ob_user_get                                       build/gd32f4xx_fmc.o
ob_user_write                                     build/gd32f4xx_fmc.o
ob_write_protection0_get                          build/gd32f4xx_fmc.o
ob_write_protection1_get                          build/gd32f4xx_fmc.o
ob_write_protection_disable                       build/gd32f4xx_fmc.o
ob_write_protection_enable                        build/gd32f4xx_fmc.o
pmu_backup_ldo_config                             build/gd32f4xx_pmu.o
pmu_backup_write_disable                          build/gd32f4xx_pmu.o
pmu_backup_write_enable                           build/gd32f4xx_pmu.o
pmu_deinit                                        build/gd32f4xx_pmu.o
pmu_flag_clear                                    build/gd32f4xx_pmu.o
pmu_flag_get                                      build/gd32f4xx_pmu.o
pmu_highdriver_mode_disable                       build/gd32f4xx_pmu.o
pmu_highdriver_mode_enable                        build/gd32f4xx_pmu.o
pmu_highdriver_switch_select                      build/gd32f4xx_pmu.o
pmu_ldo_output_select                             build/gd32f4xx_pmu.o
pmu_lowdriver_mode_disable                        build/gd32f4xx_pmu.o
pmu_lowdriver_mode_enable                         build/gd32f4xx_pmu.o
pmu_lowpower_driver_config                        build/gd32f4xx_pmu.o
pmu_lvd_disable                                   build/gd32f4xx_pmu.o
pmu_lvd_select                                    build/gd32f4xx_pmu.o
pmu_normalpower_driver_config                     build/gd32f4xx_pmu.o
pmu_to_deepsleepmode                              build/gd32f4xx_pmu.o
pmu_to_sleepmode                                  build/gd32f4xx_pmu.o
pmu_to_standbymode                                build/gd32f4xx_pmu.o
pmu_wakeup_pin_disable                            build/gd32f4xx_pmu.o
pmu_wakeup_pin_enable                             build/gd32f4xx_pmu.o
rcu_ahb_clock_config                              build/gd32f4xx_rcu.o
rcu_all_reset_flag_clear                          build/gd32f4xx_rcu.o
rcu_apb1_clock_config                             build/gd32f4xx_rcu.o
rcu_apb2_clock_config                             build/gd32f4xx_rcu.o
rcu_bkp_reset_disable                             build/gd32f4xx_rcu.o
rcu_bkp_reset_enable                              build/gd32f4xx_rcu.o
rcu_ck48m_clock_config                            build/gd32f4xx_rcu.o
rcu_ckout0_config                                 build/gd32f4xx_rcu.o
rcu_ckout1_config                                 build/gd32f4xx_rcu.o
rcu_clock_freq_get                                build/gd32f4xx_rcu.o
                                                  build/gd32f4xx_i2c.o
                                                  build/gd32f4xx_usart.o
                                                  build/gd32f4xx_enet.o
rcu_deepsleep_voltage_set                         build/gd32f4xx_rcu.o
rcu_deinit                                        build/gd32f4xx_rcu.o
rcu_flag_get                                      build/gd32f4xx_rcu.o
rcu_hxtal_clock_monitor_disable                   build/gd32f4xx_rcu.o
rcu_hxtal_clock_monitor_enable                    build/gd32f4xx_rcu.o
rcu_i2s_clock_config                              build/gd32f4xx_rcu.o
                                                  build/gd32f4xx_spi.o
rcu_interrupt_disable                             build/gd32f4xx_rcu.o
rcu_interrupt_enable                              build/gd32f4xx_rcu.o
rcu_interrupt_flag_clear                          build/gd32f4xx_rcu.o
rcu_interrupt_flag_get                            build/gd32f4xx_rcu.o
rcu_irc16m_adjust_value_set                       build/gd32f4xx_rcu.o
rcu_lxtal_drive_capability_config                 build/gd32f4xx_rcu.o
rcu_osci_bypass_mode_disable                      build/gd32f4xx_rcu.o
rcu_osci_bypass_mode_enable                       build/gd32f4xx_rcu.o
rcu_osci_off                                      build/gd32f4xx_rcu.o
rcu_osci_on                                       build/gd32f4xx_rcu.o
                                                  build/gd32f4xx_spi.o
rcu_osci_stab_wait                                build/gd32f4xx_rcu.o
                                                  build/gd32f4xx_spi.o
rcu_periph_clock_disable                          build/gd32f4xx_rcu.o
rcu_periph_clock_enable                           build/gd32f4xx_rcu.o
                                                  build/main.o
rcu_periph_clock_sleep_disable                    build/gd32f4xx_rcu.o
rcu_periph_clock_sleep_enable                     build/gd32f4xx_rcu.o
rcu_periph_reset_disable                          build/gd32f4xx_rcu.o
                                                  build/gd32f4xx_syscfg.o
                                                  build/gd32f4xx_ipa.o
                                                  build/gd32f4xx_spi.o
                                                  build/gd32f4xx_i2c.o
                                                  build/gd32f4xx_dci.o
                                                  build/gd32f4xx_sdio.o
                                                  build/gd32f4xx_gpio.o
                                                  build/gd32f4xx_wwdgt.o
                                                  build/gd32f4xx_dac.o
                                                  build/gd32f4xx_usart.o
                                                  build/gd32f4xx_ctc.o
                                                  build/gd32f4xx_trng.o
                                                  build/gd32f4xx_pmu.o
                                                  build/gd32f4xx_tli.o
                                                  build/gd32f4xx_can.o
                                                  build/gd32f4xx_timer.o
                                                  build/gd32f4xx_iref.o
                                                  build/gd32f4xx_enet.o
                                                  build/gd32f4xx_adc.o
rcu_periph_reset_enable                           build/gd32f4xx_rcu.o
                                                  build/gd32f4xx_syscfg.o
                                                  build/gd32f4xx_ipa.o
                                                  build/gd32f4xx_spi.o
                                                  build/gd32f4xx_i2c.o
                                                  build/gd32f4xx_dci.o
                                                  build/gd32f4xx_sdio.o
                                                  build/gd32f4xx_gpio.o
                                                  build/gd32f4xx_wwdgt.o
                                                  build/gd32f4xx_dac.o
                                                  build/gd32f4xx_usart.o
                                                  build/gd32f4xx_ctc.o
                                                  build/gd32f4xx_trng.o
                                                  build/gd32f4xx_pmu.o
                                                  build/gd32f4xx_tli.o
                                                  build/gd32f4xx_can.o
                                                  build/gd32f4xx_timer.o
                                                  build/gd32f4xx_iref.o
                                                  build/gd32f4xx_enet.o
                                                  build/gd32f4xx_adc.o
rcu_pll48m_clock_config                           build/gd32f4xx_rcu.o
rcu_pll_config                                    build/gd32f4xx_rcu.o
rcu_plli2s_config                                 build/gd32f4xx_rcu.o
rcu_pllsai_config                                 build/gd32f4xx_rcu.o
rcu_rtc_clock_config                              build/gd32f4xx_rcu.o
rcu_rtc_div_config                                build/gd32f4xx_rcu.o
rcu_spread_spectrum_config                        build/gd32f4xx_rcu.o
rcu_spread_spectrum_disable                       build/gd32f4xx_rcu.o
rcu_spread_spectrum_enable                        build/gd32f4xx_rcu.o
rcu_system_clock_source_config                    build/gd32f4xx_rcu.o
rcu_system_clock_source_get                       build/gd32f4xx_rcu.o
rcu_timer_clock_prescaler_config                  build/gd32f4xx_rcu.o
rcu_tli_clock_div_config                          build/gd32f4xx_rcu.o
rcu_voltage_key_unlock                            build/gd32f4xx_rcu.o
rtc_alarm_config                                  build/gd32f4xx_rtc.o
rtc_alarm_disable                                 build/gd32f4xx_rtc.o
rtc_alarm_enable                                  build/gd32f4xx_rtc.o
rtc_alarm_get                                     build/gd32f4xx_rtc.o
rtc_alarm_output_config                           build/gd32f4xx_rtc.o
rtc_alarm_subsecond_config                        build/gd32f4xx_rtc.o
rtc_alarm_subsecond_get                           build/gd32f4xx_rtc.o
rtc_bypass_shadow_disable                         build/gd32f4xx_rtc.o
rtc_bypass_shadow_enable                          build/gd32f4xx_rtc.o
rtc_calibration_output_config                     build/gd32f4xx_rtc.o
rtc_coarse_calibration_config                     build/gd32f4xx_rtc.o
rtc_coarse_calibration_disable                    build/gd32f4xx_rtc.o
rtc_coarse_calibration_enable                     build/gd32f4xx_rtc.o
rtc_current_time_get                              build/gd32f4xx_rtc.o
rtc_deinit                                        build/gd32f4xx_rtc.o
rtc_flag_clear                                    build/gd32f4xx_rtc.o
rtc_flag_get                                      build/gd32f4xx_rtc.o
rtc_hour_adjust                                   build/gd32f4xx_rtc.o
rtc_init                                          build/gd32f4xx_rtc.o
rtc_init_mode_enter                               build/gd32f4xx_rtc.o
rtc_init_mode_exit                                build/gd32f4xx_rtc.o
rtc_interrupt_disable                             build/gd32f4xx_rtc.o
rtc_interrupt_enable                              build/gd32f4xx_rtc.o
rtc_refclock_detection_disable                    build/gd32f4xx_rtc.o
rtc_refclock_detection_enable                     build/gd32f4xx_rtc.o
rtc_register_sync_wait                            build/gd32f4xx_rtc.o
rtc_second_adjust                                 build/gd32f4xx_rtc.o
rtc_smooth_calibration_config                     build/gd32f4xx_rtc.o
rtc_subsecond_get                                 build/gd32f4xx_rtc.o
rtc_tamper0_pin_map                               build/gd32f4xx_rtc.o
rtc_tamper_disable                                build/gd32f4xx_rtc.o
rtc_tamper_enable                                 build/gd32f4xx_rtc.o
rtc_timestamp_disable                             build/gd32f4xx_rtc.o
rtc_timestamp_enable                              build/gd32f4xx_rtc.o
rtc_timestamp_get                                 build/gd32f4xx_rtc.o
rtc_timestamp_pin_map                             build/gd32f4xx_rtc.o
rtc_timestamp_subsecond_get                       build/gd32f4xx_rtc.o
rtc_wakeup_clock_set                              build/gd32f4xx_rtc.o
rtc_wakeup_disable                                build/gd32f4xx_rtc.o
rtc_wakeup_enable                                 build/gd32f4xx_rtc.o
rtc_wakeup_timer_get                              build/gd32f4xx_rtc.o
rtc_wakeup_timer_set                              build/gd32f4xx_rtc.o
rx_buff                                           build/gd32f4xx_enet.o
rxdesc_tab                                        build/gd32f4xx_enet.o
sdio_bus_mode_set                                 build/gd32f4xx_sdio.o
sdio_ceata_command_completion_disable             build/gd32f4xx_sdio.o
sdio_ceata_command_completion_enable              build/gd32f4xx_sdio.o
sdio_ceata_command_disable                        build/gd32f4xx_sdio.o
sdio_ceata_command_enable                         build/gd32f4xx_sdio.o
sdio_ceata_interrupt_disable                      build/gd32f4xx_sdio.o
sdio_ceata_interrupt_enable                       build/gd32f4xx_sdio.o
sdio_clock_config                                 build/gd32f4xx_sdio.o
sdio_clock_disable                                build/gd32f4xx_sdio.o
sdio_clock_enable                                 build/gd32f4xx_sdio.o
sdio_command_index_get                            build/gd32f4xx_sdio.o
sdio_command_response_config                      build/gd32f4xx_sdio.o
sdio_csm_disable                                  build/gd32f4xx_sdio.o
sdio_csm_enable                                   build/gd32f4xx_sdio.o
sdio_data_config                                  build/gd32f4xx_sdio.o
sdio_data_counter_get                             build/gd32f4xx_sdio.o
sdio_data_read                                    build/gd32f4xx_sdio.o
sdio_data_transfer_config                         build/gd32f4xx_sdio.o
sdio_data_write                                   build/gd32f4xx_sdio.o
sdio_deinit                                       build/gd32f4xx_sdio.o
sdio_dma_disable                                  build/gd32f4xx_sdio.o
sdio_dma_enable                                   build/gd32f4xx_sdio.o
sdio_dsm_disable                                  build/gd32f4xx_sdio.o
sdio_dsm_enable                                   build/gd32f4xx_sdio.o
sdio_fifo_counter_get                             build/gd32f4xx_sdio.o
sdio_flag_clear                                   build/gd32f4xx_sdio.o
sdio_flag_get                                     build/gd32f4xx_sdio.o
sdio_hardware_clock_disable                       build/gd32f4xx_sdio.o
sdio_hardware_clock_enable                        build/gd32f4xx_sdio.o
sdio_interrupt_disable                            build/gd32f4xx_sdio.o
sdio_interrupt_enable                             build/gd32f4xx_sdio.o
sdio_interrupt_flag_clear                         build/gd32f4xx_sdio.o
sdio_interrupt_flag_get                           build/gd32f4xx_sdio.o
sdio_operation_disable                            build/gd32f4xx_sdio.o
sdio_operation_enable                             build/gd32f4xx_sdio.o
sdio_power_state_get                              build/gd32f4xx_sdio.o
sdio_power_state_set                              build/gd32f4xx_sdio.o
sdio_readwait_disable                             build/gd32f4xx_sdio.o
sdio_readwait_enable                              build/gd32f4xx_sdio.o
sdio_readwait_type_set                            build/gd32f4xx_sdio.o
sdio_response_get                                 build/gd32f4xx_sdio.o
sdio_stop_readwait_disable                        build/gd32f4xx_sdio.o
sdio_stop_readwait_enable                         build/gd32f4xx_sdio.o
sdio_suspend_disable                              build/gd32f4xx_sdio.o
sdio_suspend_enable                               build/gd32f4xx_sdio.o
sdio_wait_type_set                                build/gd32f4xx_sdio.o
software_init_hook                                /Applications/ARM/bin/../lib/gcc/arm-none-eabi/10.3.1/../../../../arm-none-eabi/lib/thumb/v7e-m/nofp/crt0.o
spi_bidirectional_transfer_config                 build/gd32f4xx_spi.o
spi_crc_error_clear                               build/gd32f4xx_spi.o
spi_crc_get                                       build/gd32f4xx_spi.o
spi_crc_next                                      build/gd32f4xx_spi.o
spi_crc_off                                       build/gd32f4xx_spi.o
spi_crc_on                                        build/gd32f4xx_spi.o
spi_crc_polynomial_get                            build/gd32f4xx_spi.o
spi_crc_polynomial_set                            build/gd32f4xx_spi.o
spi_disable                                       build/gd32f4xx_spi.o
spi_dma_disable                                   build/gd32f4xx_spi.o
spi_dma_enable                                    build/gd32f4xx_spi.o
spi_enable                                        build/gd32f4xx_spi.o
spi_i2s_data_frame_format_config                  build/gd32f4xx_spi.o
spi_i2s_data_receive                              build/gd32f4xx_spi.o
spi_i2s_data_transmit                             build/gd32f4xx_spi.o
spi_i2s_deinit                                    build/gd32f4xx_spi.o
spi_i2s_flag_get                                  build/gd32f4xx_spi.o
spi_i2s_interrupt_disable                         build/gd32f4xx_spi.o
spi_i2s_interrupt_enable                          build/gd32f4xx_spi.o
spi_i2s_interrupt_flag_get                        build/gd32f4xx_spi.o
spi_init                                          build/gd32f4xx_spi.o
spi_nss_internal_high                             build/gd32f4xx_spi.o
spi_nss_internal_low                              build/gd32f4xx_spi.o
spi_nss_output_disable                            build/gd32f4xx_spi.o
spi_nss_output_enable                             build/gd32f4xx_spi.o
spi_quad_disable                                  build/gd32f4xx_spi.o
spi_quad_enable                                   build/gd32f4xx_spi.o
spi_quad_io23_output_disable                      build/gd32f4xx_spi.o
spi_quad_io23_output_enable                       build/gd32f4xx_spi.o
spi_quad_read_enable                              build/gd32f4xx_spi.o
spi_quad_write_enable                             build/gd32f4xx_spi.o
spi_struct_para_init                              build/gd32f4xx_spi.o
spi_ti_mode_disable                               build/gd32f4xx_spi.o
spi_ti_mode_enable                                build/gd32f4xx_spi.o
syscfg_bootmode_config                            build/gd32f4xx_syscfg.o
syscfg_compensation_config                        build/gd32f4xx_syscfg.o
syscfg_deinit                                     build/gd32f4xx_syscfg.o
syscfg_enet_phy_interface_config                  build/gd32f4xx_syscfg.o
syscfg_exmc_swap_config                           build/gd32f4xx_syscfg.o
syscfg_exti_line_config                           build/gd32f4xx_syscfg.o
syscfg_flag_get                                   build/gd32f4xx_syscfg.o
syscfg_fmc_swap_config                            build/gd32f4xx_syscfg.o
system_lowpower_reset                             build/gd32f4xx_misc.o
system_lowpower_set                               build/gd32f4xx_misc.o
systick_clksource_set                             build/gd32f4xx_misc.o
timer_auto_reload_shadow_disable                  build/gd32f4xx_timer.o
timer_auto_reload_shadow_enable                   build/gd32f4xx_timer.o
timer_automatic_output_disable                    build/gd32f4xx_timer.o
timer_automatic_output_enable                     build/gd32f4xx_timer.o
timer_autoreload_value_config                     build/gd32f4xx_timer.o