Archive member included to satisfy reference by file (symbol)

/Applications/ARM/bin/../lib/gcc/arm-none-eabi/10.3.1/../../../../arm-none-eabi/lib/thumb/v7e-m/nofp/libc_nano.a(lib_a-exit.o)
                              /Applications/ARM/bin/../lib/gcc/arm-none-eabi/10.3.1/../../../../arm-none-eabi/lib/thumb/v7e-m/nofp/crt0.o (exit)
/Applications/ARM/bin/../lib/gcc/arm-none-eabi/10.3.1/../../../../arm-none-eabi/lib/thumb/v7e-m/nofp/libc_nano.a(lib_a-impure.o)
                              /Applications/ARM/bin/../lib/gcc/arm-none-eabi/10.3.1/../../../../arm-none-eabi/lib/thumb/v7e-m/nofp/libc_nano.a(lib_a-exit.o) (_global_impure_ptr)
/Applications/ARM/bin/../lib/gcc/arm-none-eabi/10.3.1/../../../../arm-none-eabi/lib/thumb/v7e-m/nofp/libc_nano.a(lib_a-init.o)
                              /Applications/ARM/bin/../lib/gcc/arm-none-eabi/10.3.1/../../../../arm-none-eabi/lib/thumb/v7e-m/nofp/crt0.o (__libc_init_array)
/Applications/ARM/bin/../lib/gcc/arm-none-eabi/10.3.1/../../../../arm-none-eabi/lib/thumb/v7e-m/nofp/libc_nano.a(lib_a-memset.o)
                              /Applications/ARM/bin/../lib/gcc/arm-none-eabi/10.3.1/../../../../arm-none-eabi/lib/thumb/v7e-m/nofp/crt0.o (memset)
/Applications/ARM/bin/../lib/gcc/arm-none-eabi/10.3.1/../../../../arm-none-eabi/lib/thumb/v7e-m/nofp/libnosys.a(_exit.o)
                              /Applications/ARM/bin/../lib/gcc/arm-none-eabi/10.3.1/../../../../arm-none-eabi/lib/thumb/v7e-m/nofp/libc_nano.a(lib_a-exit.o) (_exit)

Discarded input sections

 .text          0x0000000000000000        0x0 /Applications/ARM/bin/../lib/gcc/arm-none-eabi/10.3.1/thumb/v7e-m/nofp/crti.o
 .data          0x0000000000000000        0x0 /Applications/ARM/bin/../lib/gcc/arm-none-eabi/10.3.1/thumb/v7e-m/nofp/crti.o
 .bss           0x0000000000000000        0x0 /Applications/ARM/bin/../lib/gcc/arm-none-eabi/10.3.1/thumb/v7e-m/nofp/crti.o
 .data          0x0000000000000000        0x4 /Applications/ARM/bin/../lib/gcc/arm-none-eabi/10.3.1/thumb/v7e-m/nofp/crtbegin.o
 .rodata        0x0000000000000000       0x24 /Applications/ARM/bin/../lib/gcc/arm-none-eabi/10.3.1/thumb/v7e-m/nofp/crtbegin.o
 .text          0x0000000000000000       0x7c /Applications/ARM/bin/../lib/gcc/arm-none-eabi/10.3.1/../../../../arm-none-eabi/lib/thumb/v7e-m/nofp/crt0.o
 .data          0x0000000000000000        0x0 /Applications/ARM/bin/../lib/gcc/arm-none-eabi/10.3.1/../../../../arm-none-eabi/lib/thumb/v7e-m/nofp/crt0.o
 .bss           0x0000000000000000        0x0 /Applications/ARM/bin/../lib/gcc/arm-none-eabi/10.3.1/../../../../arm-none-eabi/lib/thumb/v7e-m/nofp/crt0.o
 .ARM.extab     0x0000000000000000        0x0 /Applications/ARM/bin/../lib/gcc/arm-none-eabi/10.3.1/../../../../arm-none-eabi/lib/thumb/v7e-m/nofp/crt0.o
 .ARM.exidx     0x0000000000000000       0x10 /Applications/ARM/bin/../lib/gcc/arm-none-eabi/10.3.1/../../../../arm-none-eabi/lib/thumb/v7e-m/nofp/crt0.o
 .ARM.attributes
                0x0000000000000000       0x1c /Applications/ARM/bin/../lib/gcc/arm-none-eabi/10.3.1/../../../../arm-none-eabi/lib/thumb/v7e-m/nofp/crt0.o
 .text          0x0000000000000000        0x0 build/system_gd32f3x0.o
 .data          0x0000000000000000        0x0 build/system_gd32f3x0.o
 .bss           0x0000000000000000        0x0 build/system_gd32f3x0.o
 .text.SystemCoreClockUpdate
                0x0000000000000000       0xc8 build/system_gd32f3x0.o
 .rodata        0x0000000000000000       0x10 build/system_gd32f3x0.o
 .data.SystemCoreClock
                0x0000000000000000        0x4 build/system_gd32f3x0.o
 .text          0x0000000000000000        0x0 build/gd32f3x0_adc.o
 .data          0x0000000000000000        0x0 build/gd32f3x0_adc.o
 .bss           0x0000000000000000        0x0 build/gd32f3x0_adc.o
 .text.adc_deinit
                0x0000000000000000       0x14 build/gd32f3x0_adc.o
 .text.adc_enable
                0x0000000000000000       0x20 build/gd32f3x0_adc.o
 .text.adc_disable
                0x0000000000000000       0x14 build/gd32f3x0_adc.o
 .text.adc_calibration_enable
                0x0000000000000000       0x3c build/gd32f3x0_adc.o
 .text.adc_dma_mode_enable
                0x0000000000000000       0x14 build/gd32f3x0_adc.o
 .text.adc_dma_mode_disable
                0x0000000000000000       0x14 build/gd32f3x0_adc.o
 .text.adc_tempsensor_vrefint_enable
                0x0000000000000000       0x14 build/gd32f3x0_adc.o
 .text.adc_tempsensor_vrefint_disable
                0x0000000000000000       0x14 build/gd32f3x0_adc.o
 .text.adc_vbat_enable
                0x0000000000000000       0x14 build/gd32f3x0_adc.o
 .text.adc_vbat_disable
                0x0000000000000000       0x14 build/gd32f3x0_adc.o
 .text.adc_discontinuous_mode_config
                0x0000000000000000       0x58 build/gd32f3x0_adc.o
 .text.adc_special_function_config
                0x0000000000000000       0x84 build/gd32f3x0_adc.o
 .text.adc_data_alignment_config
                0x0000000000000000       0x28 build/gd32f3x0_adc.o
[...]
Memory Configuration

Name             Origin             Length             Attributes
RAM              0x0000000020000000 0x0000000000002000 xrw
FLASH            0x0000000008000000 0x0000000000010000 xr
*default*        0x0000000000000000 0xffffffffffffffff

Linker script and memory map

LOAD /Applications/ARM/bin/../lib/gcc/arm-none-eabi/10.3.1/thumb/v7e-m/nofp/crti.o
LOAD /Applications/ARM/bin/../lib/gcc/arm-none-eabi/10.3.1/thumb/v7e-m/nofp/crtbegin.o
LOAD /Applications/ARM/bin/../lib/gcc/arm-none-eabi/10.3.1/../../../../arm-none-eabi/lib/thumb/v7e-m/nofp/crt0.o
LOAD build/system_gd32f3x0.o
LOAD build/gd32f3x0_adc.o
LOAD build/gd32f3x0_cec.o
LOAD build/gd32f3x0_cmp.o
LOAD build/gd32f3x0_crc.o
LOAD build/gd32f3x0_ctc.o
LOAD build/gd32f3x0_dac.o
LOAD build/gd32f3x0_dbg.o
LOAD build/gd32f3x0_dma.o
LOAD build/gd32f3x0_exti.o
LOAD build/gd32f3x0_fmc.o
LOAD build/gd32f3x0_fwdgt.o
LOAD build/gd32f3x0_gpio.o
LOAD build/gd32f3x0_i2c.o
LOAD build/gd32f3x0_misc.o
LOAD build/gd32f3x0_pmu.o
LOAD build/gd32f3x0_rcu.o
LOAD build/gd32f3x0_rtc.o
LOAD build/gd32f3x0_spi.o
LOAD build/gd32f3x0_syscfg.o
LOAD build/gd32f3x0_timer.o
LOAD build/gd32f3x0_tsi.o
LOAD build/gd32f3x0_usart.o
LOAD build/gd32f3x0_wwdgt.o
LOAD build/main.o
LOAD build/sk6812.o
LOAD build/gpio.o
LOAD build/startup_gd32f3x0.o
LOAD /Applications/ARM/bin/../lib/gcc/arm-none-eabi/10.3.1/../../../../arm-none-eabi/lib/thumb/v7e-m/nofp/libc_nano.a
LOAD /Applications/ARM/bin/../lib/gcc/arm-none-eabi/10.3.1/../../../../arm-none-eabi/lib/thumb/v7e-m/nofp/libm.a
LOAD /Applications/ARM/bin/../lib/gcc/arm-none-eabi/10.3.1/../../../../arm-none-eabi/lib/thumb/v7e-m/nofp/libnosys.a
START GROUP
LOAD /Applications/ARM/bin/../lib/gcc/arm-none-eabi/10.3.1/thumb/v7e-m/nofp/libgcc.a
LOAD /Applications/ARM/bin/../lib/gcc/arm-none-eabi/10.3.1/../../../../arm-none-eabi/lib/thumb/v7e-m/nofp/libc_nano.a
END GROUP
START GROUP
LOAD /Applications/ARM/bin/../lib/gcc/arm-none-eabi/10.3.1/thumb/v7e-m/nofp/libgcc.a
LOAD /Applications/ARM/bin/../lib/gcc/arm-none-eabi/10.3.1/../../../../arm-none-eabi/lib/thumb/v7e-m/nofp/libc_nano.a
END GROUP
LOAD /Applications/ARM/bin/../lib/gcc/arm-none-eabi/10.3.1/thumb/v7e-m/nofp/crtend.o
LOAD /Applications/ARM/bin/../lib/gcc/arm-none-eabi/10.3.1/thumb/v7e-m/nofp/crtn.o
                0x0000000020002000                _estack = 0x20002000
                0x0000000000000200                _Min_Heap_Size = 0x200
                0x0000000000000400                _Min_Stack_Size = 0x400

.isr_vector     0x0000000008000000      0x150
                0x0000000008000000                . = ALIGN (0x4)
 *(.isr_vector)
 .isr_vector    0x0000000008000000      0x150 build/startup_gd32f3x0.o
                0x0000000008000000                g_pfnVectors
                0x0000000008000150                . = ALIGN (0x4)

.text           0x0000000008000150      0x720
                0x0000000008000150                . = ALIGN (0x4)
 *(.text)
 .text          0x0000000008000150       0x40 /Applications/ARM/bin/../lib/gcc/arm-none-eabi/10.3.1/thumb/v7e-m/nofp/crtbegin.o
 *(.text*)
 .text.system_clock_84m_hxtal
                0x0000000008000190       0xa4 build/system_gd32f3x0.o
 .text.system_clock_config
                0x0000000008000234        0x8 build/system_gd32f3x0.o
 .text.SystemInit
                0x000000000800023c      0x1ac build/system_gd32f3x0.o
                0x000000000800023c                SystemInit
 .text.gpio_mode_set
                0x00000000080003e8       0x52 build/gd32f3x0_gpio.o
                0x00000000080003e8                gpio_mode_set
 .text.gpio_output_options_set
                0x000000000800043a       0x88 build/gd32f3x0_gpio.o
                0x000000000800043a                gpio_output_options_set
 .text.gpio_bit_set
                0x00000000080004c2        0x4 build/gd32f3x0_gpio.o
                0x00000000080004c2                gpio_bit_set
 .text.gpio_bit_reset
                0x00000000080004c6        0x4 build/gd32f3x0_gpio.o
                0x00000000080004c6                gpio_bit_reset
 .text.gpio_input_bit_get
                0x00000000080004ca        0xe build/gd32f3x0_gpio.o
                0x00000000080004ca                gpio_input_bit_get
 .text.nvic_vector_table_set
                0x00000000080004d8       0x18 build/gd32f3x0_misc.o
                0x00000000080004d8                nvic_vector_table_set
 .text.rcu_periph_clock_enable
                0x00000000080004f0       0x1c build/gd32f3x0_rcu.o
                0x00000000080004f0                rcu_periph_clock_enable
 .text.main     0x000000000800050c      0x134 build/main.o
                0x000000000800050c                main
 .text.sk6812_send_colors
                0x0000000008000640      0x144 build/sk6812.o
                0x0000000008000640                sk6812_send_colors
 .text.sk6812_set
                0x0000000008000784       0x30 build/sk6812.o
                0x0000000008000784                sk6812_set
 .text.sk6812_initialize
                0x00000000080007b4       0x1e build/sk6812.o
                0x00000000080007b4                sk6812_initialize
 .text.pin_init_input
                0x00000000080007d2       0x1a build/gpio.o
                0x00000000080007d2                pin_init_input
 .text.pin_get  0x00000000080007ec       0x1a build/gpio.o
                0x00000000080007ec                pin_get
 *fill*         0x0000000008000806        0x2 
 .text.Reset_Handler
                0x0000000008000808       0x4c build/startup_gd32f3x0.o
                0x0000000008000808                Reset_Handler
 .text.Default_Handler
                0x0000000008000854        0x2 build/startup_gd32f3x0.o
                0x0000000008000854                FMC_IRQHandler
                0x0000000008000854                DebugMon_Handler
                0x0000000008000854                LVD_IRQHandler
                0x0000000008000854                TSI_IRQHandler
                0x0000000008000854                HardFault_Handler
                0x0000000008000854                SysTick_Handler
                0x0000000008000854                TIMER15_IRQHandler
                0x0000000008000854                PendSV_Handler
                0x0000000008000854                NMI_Handler
                0x0000000008000854                USBFS_WKUP_IRQHandler
                0x0000000008000854                TIMER5_DAC_IRQHandler
                0x0000000008000854                USBFS_IRQHandler
                0x0000000008000854                I2C0_EV_IRQHandler
                0x0000000008000854                I2C2_EV_IRQHandler
                0x0000000008000854                ADC_CMP_IRQHandler
                0x0000000008000854                UsageFault_Handler
                0x0000000008000854                SPI1_IRQHandler
                0x0000000008000854                DMA_Channel3_4_IRQHandler
                0x0000000008000854                TIMER14_IRQHandler
                0x0000000008000854                TIMER16_IRQHandler
                0x0000000008000854                EXTI2_3_IRQHandler
                0x0000000008000854                I2C0_ER_IRQHandler
                0x0000000008000854                RTC_IRQHandler
                0x0000000008000854                TIMER0_CC_IRQHandler
                0x0000000008000854                USART0_IRQHandler
                0x0000000008000854                TIMER1_IRQHandler
                0x0000000008000854                TIMER13_IRQHandler
                0x0000000008000854                I2C1_EV_IRQHandler
                0x0000000008000854                EXTI4_15_IRQHandler
                0x0000000008000854                Default_Handler
                0x0000000008000854                CEC_IRQHandler
                0x0000000008000854                DMA_Channel5_6_IRQHandler
                0x0000000008000854                TIMER0_BRK_UP_TRG_COM_IRQHandler
                0x0000000008000854                EXTI0_1_IRQHandler
                0x0000000008000854                SPI2_IRQHandler
                0x0000000008000854                MemManage_Handler
                0x0000000008000854                SVC_Handler
                0x0000000008000854                DMA_Channel1_2_IRQHandler
                0x0000000008000854                RCU_IRQHandler
                0x0000000008000854                SPI0_IRQHandler
                0x0000000008000854                I2C2_ER_IRQHandler
                0x0000000008000854                DMA_Channel0_IRQHandler
                0x0000000008000854                BusFault_Handler
                0x0000000008000854                USART1_IRQHandler
                0x0000000008000854                I2C1_ER_IRQHandler
                0x0000000008000854                TIMER2_IRQHandler
 *(.glue_7)
 .glue_7        0x0000000008000856        0x0 linker stubs
 *(.glue_7t)
 .glue_7t       0x0000000008000856        0x0 linker stubs
 *(.eh_frame)
 *fill*         0x0000000008000856        0x2 
 .eh_frame      0x0000000008000858        0x0 /Applications/ARM/bin/../lib/gcc/arm-none-eabi/10.3.1/thumb/v7e-m/nofp/crtbegin.o
 *(.init)
 .init          0x0000000008000858        0x4 /Applications/ARM/bin/../lib/gcc/arm-none-eabi/10.3.1/thumb/v7e-m/nofp/crti.o
                0x0000000008000858                _init
 .init          0x000000000800085c        0x8 /Applications/ARM/bin/../lib/gcc/arm-none-eabi/10.3.1/thumb/v7e-m/nofp/crtn.o
 *(.fini)
 .fini          0x0000000008000864        0x4 /Applications/ARM/bin/../lib/gcc/arm-none-eabi/10.3.1/thumb/v7e-m/nofp/crti.o
                0x0000000008000864                _fini
 .fini          0x0000000008000868        0x8 /Applications/ARM/bin/../lib/gcc/arm-none-eabi/10.3.1/thumb/v7e-m/nofp/crtn.o
                0x0000000008000870                . = ALIGN (0x4)
                0x0000000008000870                _etext = .

.vfp11_veneer   0x0000000008000870        0x0
 .vfp11_veneer  0x0000000008000870        0x0 linker stubs

.v4_bx          0x0000000008000870        0x0
 .v4_bx         0x0000000008000870        0x0 linker stubs

.iplt           0x0000000008000870        0x0
 .iplt          0x0000000008000870        0x0 /Applications/ARM/bin/../lib/gcc/arm-none-eabi/10.3.1/thumb/v7e-m/nofp/crtbegin.o

.rel.dyn        0x0000000008000870        0x0
 .rel.iplt      0x0000000008000870        0x0 /Applications/ARM/bin/../lib/gcc/arm-none-eabi/10.3.1/thumb/v7e-m/nofp/crtbegin.o

.rodata         0x0000000008000870        0x0
                0x0000000008000870                . = ALIGN (0x4)
 *(.rodata)
 *(.rodata*)
                0x0000000008000870                . = ALIGN (0x4)

.ARM.extab
 *(.ARM.extab* .gnu.linkonce.armextab.*)

.ARM            0x0000000008000870        0x0
                0x0000000008000870                __exidx_start = .
 *(.ARM.exidx*)
                0x0000000008000870                __exidx_end = .

.preinit_array  0x0000000008000870        0x0
                0x0000000008000870                PROVIDE (__preinit_array_start = .)
 *(.preinit_array*)
                0x0000000008000870                PROVIDE (__preinit_array_end = .)

.init_array     0x0000000008000870        0x4
                0x0000000008000870                PROVIDE (__init_array_start = .)
 *(SORT_BY_NAME(.init_array.*))
 *(.init_array*)
 .init_array    0x0000000008000870        0x4 /Applications/ARM/bin/../lib/gcc/arm-none-eabi/10.3.1/thumb/v7e-m/nofp/crtbegin.o
                0x0000000008000874                PROVIDE (__init_array_end = .)

.fini_array     0x0000000008000874        0x4
                [!provide]                        PROVIDE (__fini_array_start = .)
 *(SORT_BY_NAME(.fini_array.*))
 *(.fini_array*)
 .fini_array    0x0000000008000874        0x4 /Applications/ARM/bin/../lib/gcc/arm-none-eabi/10.3.1/thumb/v7e-m/nofp/crtbegin.o
                [!provide]                        PROVIDE (__fini_array_end = .)
                0x0000000008000878                _sidata = LOADADDR (.data)

.data           0x0000000020000000       0x20 load address 0x0000000008000878
                0x0000000020000000                . = ALIGN (0x4)
                0x0000000020000000                _sdata = .
 *(.data)
 *(.data*)
 .data.di_1     0x0000000020000000        0x8 build/gpio.o
                0x0000000020000000                di_1
 .data.di_2     0x0000000020000008        0x8 build/gpio.o
                0x0000000020000008                di_2
 .data.di_3     0x0000000020000010        0x8 build/gpio.o
                0x0000000020000010                di_3
 .data.di_4     0x0000000020000018        0x8 build/gpio.o
                0x0000000020000018                di_4
                0x0000000020000020                . = ALIGN (0x4)
                0x0000000020000020                _edata = .

.igot.plt       0x0000000020000020        0x0 load address 0x0000000008000898
 .igot.plt      0x0000000020000020        0x0 /Applications/ARM/bin/../lib/gcc/arm-none-eabi/10.3.1/thumb/v7e-m/nofp/crtbegin.o
                0x0000000020000020                . = ALIGN (0x4)

.bss            0x0000000020000020       0x24 load address 0x0000000008000898
                0x0000000020000020                _sbss = .
                0x0000000020000020                __bss_start__ = _sbss
 *(.bss)
 .bss           0x0000000020000020       0x1c /Applications/ARM/bin/../lib/gcc/arm-none-eabi/10.3.1/thumb/v7e-m/nofp/crtbegin.o
 *(.bss*)
 .bss.colors    0x000000002000003c        0x6 build/sk6812.o
                0x000000002000003c                colors
 *(COMMON)
                0x0000000020000044                . = ALIGN (0x4)
 *fill*         0x0000000020000042        0x2 
                0x0000000020000044                _ebss = .
                0x0000000020000044                __bss_end__ = _ebss

._user_heap_stack
                0x0000000020000044      0x604 load address 0x0000000008000898
                0x0000000020000048                . = ALIGN (0x8)
 *fill*         0x0000000020000044        0x4 
                [!provide]                        PROVIDE (end = .)
                [!provide]                        PROVIDE (_end = .)
                0x0000000020000248                . = (. + _Min_Heap_Size)
 *fill*         0x0000000020000048      0x200 
                0x0000000020000648                . = (. + _Min_Stack_Size)
 *fill*         0x0000000020000248      0x400 
                0x0000000020000648                . = ALIGN (0x8)

/DISCARD/
 libc.a(*)
 libm.a(*)
 libgcc.a(*)

.ARM.attributes
                0x0000000000000000       0x2a
 *(.ARM.attributes)
 .ARM.attributes
                0x0000000000000000       0x1e /Applications/ARM/bin/../lib/gcc/arm-none-eabi/10.3.1/thumb/v7e-m/nofp/crti.o
 .ARM.attributes
                0x000000000000001e       0x2e /Applications/ARM/bin/../lib/gcc/arm-none-eabi/10.3.1/thumb/v7e-m/nofp/crtbegin.o
 .ARM.attributes
                0x000000000000004c       0x2e build/system_gd32f3x0.o
 .ARM.attributes
                0x000000000000007a       0x2e build/gd32f3x0_gpio.o
 .ARM.attributes
                0x00000000000000a8       0x2e build/gd32f3x0_misc.o
 .ARM.attributes
                0x00000000000000d6       0x2e build/gd32f3x0_rcu.o
 .ARM.attributes
                0x0000000000000104       0x2e build/main.o
 .ARM.attributes
                0x0000000000000132       0x2e build/sk6812.o
 .ARM.attributes
                0x0000000000000160       0x2e build/gpio.o
 .ARM.attributes
                0x000000000000018e       0x21 build/startup_gd32f3x0.o
 .ARM.attributes
                0x00000000000001af       0x1e /Applications/ARM/bin/../lib/gcc/arm-none-eabi/10.3.1/thumb/v7e-m/nofp/crtn.o
OUTPUT(build/gd32_led.elf elf32-littlearm)
LOAD linker stubs
LOAD /Applications/ARM/bin/../lib/gcc/arm-none-eabi/10.3.1/../../../../arm-none-eabi/lib/thumb/v7e-m/nofp/libc.a
LOAD /Applications/ARM/bin/../lib/gcc/arm-none-eabi/10.3.1/../../../../arm-none-eabi/lib/thumb/v7e-m/nofp/libm.a
LOAD /Applications/ARM/bin/../lib/gcc/arm-none-eabi/10.3.1/thumb/v7e-m/nofp/libgcc.a

.debug_info     0x0000000000000000     0x2d9a
 .debug_info    0x0000000000000000      0x34c build/system_gd32f3x0.o
 .debug_info    0x000000000000034c      0x6ff build/gd32f3x0_gpio.o
 .debug_info    0x0000000000000a4b      0x60c build/gd32f3x0_misc.o
 .debug_info    0x0000000000001057     0x1083 build/gd32f3x0_rcu.o
 .debug_info    0x00000000000020da      0x4a1 build/main.o
 .debug_info    0x000000000000257b      0x370 build/sk6812.o
 .debug_info    0x00000000000028eb      0x48d build/gpio.o
 .debug_info    0x0000000000002d78       0x22 build/startup_gd32f3x0.o

.debug_abbrev   0x0000000000000000      0xb4e
 .debug_abbrev  0x0000000000000000      0x1bb build/system_gd32f3x0.o
 .debug_abbrev  0x00000000000001bb      0x20d build/gd32f3x0_gpio.o
 .debug_abbrev  0x00000000000003c8      0x162 build/gd32f3x0_misc.o
 .debug_abbrev  0x000000000000052a      0x22b build/gd32f3x0_rcu.o
 .debug_abbrev  0x0000000000000755      0x11d build/main.o
 .debug_abbrev  0x0000000000000872      0x18a build/sk6812.o
 .debug_abbrev  0x00000000000009fc      0x140 build/gpio.o
 .debug_abbrev  0x0000000000000b3c       0x12 build/startup_gd32f3x0.o

.debug_loc      0x0000000000000000     0x1d5d
 .debug_loc     0x0000000000000000      0x2fe build/system_gd32f3x0.o
 .debug_loc     0x00000000000002fe      0x413 build/gd32f3x0_gpio.o
 .debug_loc     0x0000000000000711      0x2bb build/gd32f3x0_misc.o
 .debug_loc     0x00000000000009cc     0x105d build/gd32f3x0_rcu.o
 .debug_loc     0x0000000000001a29       0x20 build/main.o
 .debug_loc     0x0000000000001a49      0x18c build/sk6812.o
 .debug_loc     0x0000000000001bd5      0x188 build/gpio.o

.debug_aranges  0x0000000000000000      0x350
 .debug_aranges
                0x0000000000000000       0x38 build/system_gd32f3x0.o
 .debug_aranges
                0x0000000000000038       0x90 build/gd32f3x0_gpio.o
 .debug_aranges
                0x00000000000000c8       0x50 build/gd32f3x0_misc.o
 .debug_aranges
                0x0000000000000118      0x170 build/gd32f3x0_rcu.o
 .debug_aranges
                0x0000000000000288       0x20 build/main.o
 .debug_aranges
                0x00000000000002a8       0x30 build/sk6812.o
 .debug_aranges
                0x00000000000002d8       0x50 build/gpio.o
 .debug_aranges
                0x0000000000000328       0x28 build/startup_gd32f3x0.o

.debug_ranges   0x0000000000000000      0x2f0
 .debug_ranges  0x0000000000000000       0x40 build/system_gd32f3x0.o
 .debug_ranges  0x0000000000000040       0x80 build/gd32f3x0_gpio.o
 .debug_ranges  0x00000000000000c0       0x40 build/gd32f3x0_misc.o
 .debug_ranges  0x0000000000000100      0x160 build/gd32f3x0_rcu.o
 .debug_ranges  0x0000000000000260       0x10 build/main.o
 .debug_ranges  0x0000000000000270       0x20 build/sk6812.o
 .debug_ranges  0x0000000000000290       0x40 build/gpio.o
 .debug_ranges  0x00000000000002d0       0x20 build/startup_gd32f3x0.o

.debug_line     0x0000000000000000     0x2317
 .debug_line    0x0000000000000000      0x64d build/system_gd32f3x0.o
 .debug_line    0x000000000000064d      0x5a9 build/gd32f3x0_gpio.o
 .debug_line    0x0000000000000bf6      0x28e build/gd32f3x0_misc.o
 .debug_line    0x0000000000000e84      0xd99 build/gd32f3x0_rcu.o
 .debug_line    0x0000000000001c1d      0x1ac build/main.o
 .debug_line    0x0000000000001dc9      0x2f7 build/sk6812.o
 .debug_line    0x00000000000020c0      0x1c3 build/gpio.o
 .debug_line    0x0000000000002283       0x94 build/startup_gd32f3x0.o

.debug_str      0x0000000000000000     0x1564
 .debug_str     0x0000000000000000      0x301 build/system_gd32f3x0.o
                                        0x368 (size before relaxing)
 .debug_str     0x0000000000000301      0x31a build/gd32f3x0_gpio.o
                                        0x4c4 (size before relaxing)
 .debug_str     0x000000000000061b      0x22c build/gd32f3x0_misc.o
                                        0x3c8 (size before relaxing)
 .debug_str     0x0000000000000847      0xbdc build/gd32f3x0_rcu.o
                                        0xf3a (size before relaxing)
 .debug_str     0x0000000000001423       0x59 build/main.o
                                        0x341 (size before relaxing)
 .debug_str     0x000000000000147c       0x42 build/sk6812.o
                                        0x2d9 (size before relaxing)
 .debug_str     0x00000000000014be       0x60 build/gpio.o
                                        0x353 (size before relaxing)
 .debug_str     0x000000000000151e       0x46 build/startup_gd32f3x0.o
                                         0x92 (size before relaxing)

.comment        0x0000000000000000       0x49
 .comment       0x0000000000000000       0x49 build/system_gd32f3x0.o
                                         0x4a (size before relaxing)
 .comment       0x0000000000000049       0x4a build/gd32f3x0_gpio.o
 .comment       0x0000000000000049       0x4a build/gd32f3x0_misc.o
 .comment       0x0000000000000049       0x4a build/gd32f3x0_rcu.o
 .comment       0x0000000000000049       0x4a build/main.o
 .comment       0x0000000000000049       0x4a build/sk6812.o
 .comment       0x0000000000000049       0x4a build/gpio.o

.debug_frame    0x0000000000000000      0x678
 .debug_frame   0x0000000000000000       0x74 build/system_gd32f3x0.o
 .debug_frame   0x0000000000000074      0x130 build/gd32f3x0_gpio.o
 .debug_frame   0x00000000000001a4       0x8c build/gd32f3x0_misc.o
 .debug_frame   0x0000000000000230      0x2e8 build/gd32f3x0_rcu.o
 .debug_frame   0x0000000000000518       0x28 build/main.o
 .debug_frame   0x0000000000000540       0x5c build/sk6812.o
 .debug_frame   0x000000000000059c       0xdc build/gpio.o

Cross Reference Table

Symbol                                            File
ADC_CMP_IRQHandler                                build/startup_gd32f3x0.o
BusFault_Handler                                  build/startup_gd32f3x0.o
CEC_IRQHandler                                    build/startup_gd32f3x0.o
DMA_Channel0_IRQHandler                           build/startup_gd32f3x0.o
DMA_Channel1_2_IRQHandler                         build/startup_gd32f3x0.o
DMA_Channel3_4_IRQHandler                         build/startup_gd32f3x0.o
DMA_Channel5_6_IRQHandler                         build/startup_gd32f3x0.o
DebugMon_Handler                                  build/startup_gd32f3x0.o
Default_Handler                                   build/startup_gd32f3x0.o
EXTI0_1_IRQHandler                                build/startup_gd32f3x0.o
EXTI2_3_IRQHandler                                build/startup_gd32f3x0.o
EXTI4_15_IRQHandler                               build/startup_gd32f3x0.o
FMC_IRQHandler                                    build/startup_gd32f3x0.o
HardFault_Handler                                 build/startup_gd32f3x0.o
I2C0_ER_IRQHandler                                build/startup_gd32f3x0.o
I2C0_EV_IRQHandler                                build/startup_gd32f3x0.o
I2C1_ER_IRQHandler                                build/startup_gd32f3x0.o
I2C1_EV_IRQHandler                                build/startup_gd32f3x0.o
I2C2_ER_IRQHandler                                build/startup_gd32f3x0.o
I2C2_EV_IRQHandler                                build/startup_gd32f3x0.o
LVD_IRQHandler                                    build/startup_gd32f3x0.o
MemManage_Handler                                 build/startup_gd32f3x0.o
NMI_Handler                                       build/startup_gd32f3x0.o
PendSV_Handler                                    build/startup_gd32f3x0.o
RCU_IRQHandler                                    build/startup_gd32f3x0.o
RTC_IRQHandler                                    build/startup_gd32f3x0.o
Reset_Handler                                     build/startup_gd32f3x0.o
SPI0_IRQHandler                                   build/startup_gd32f3x0.o
SPI1_IRQHandler                                   build/startup_gd32f3x0.o
SPI2_IRQHandler                                   build/startup_gd32f3x0.o
SVC_Handler                                       build/startup_gd32f3x0.o
SysTick_Handler                                   build/startup_gd32f3x0.o
SystemCoreClock                                   build/system_gd32f3x0.o
SystemCoreClockUpdate                             build/system_gd32f3x0.o
SystemInit                                        build/system_gd32f3x0.o
                                                  build/startup_gd32f3x0.o
                                                  build/main.o
TIMER0_BRK_UP_TRG_COM_IRQHandler                  build/startup_gd32f3x0.o
TIMER0_CC_IRQHandler                              build/startup_gd32f3x0.o
TIMER13_IRQHandler                                build/startup_gd32f3x0.o
TIMER14_IRQHandler                                build/startup_gd32f3x0.o
TIMER15_IRQHandler                                build/startup_gd32f3x0.o
TIMER16_IRQHandler                                build/startup_gd32f3x0.o
TIMER1_IRQHandler                                 build/startup_gd32f3x0.o
TIMER2_IRQHandler                                 build/startup_gd32f3x0.o
TIMER5_DAC_IRQHandler                             build/startup_gd32f3x0.o
TSI_IRQHandler                                    build/startup_gd32f3x0.o
USART0_IRQHandler                                 build/startup_gd32f3x0.o
USART1_IRQHandler                                 build/startup_gd32f3x0.o
USBFS_IRQHandler                                  build/startup_gd32f3x0.o
USBFS_WKUP_IRQHandler                             build/startup_gd32f3x0.o
UsageFault_Handler                                build/startup_gd32f3x0.o
WWDGT_IRQHandler                                  build/startup_gd32f3x0.o
__bss_end__                                       /Applications/ARM/bin/../lib/gcc/arm-none-eabi/10.3.1/../../../../arm-none-eabi/lib/thumb/v7e-m/nofp/crt0.o
__bss_start__                                     /Applications/ARM/bin/../lib/gcc/arm-none-eabi/10.3.1/../../../../arm-none-eabi/lib/thumb/v7e-m/nofp/crt0.o
__call_exitprocs                                  /Applications/ARM/bin/../lib/gcc/arm-none-eabi/10.3.1/../../../../arm-none-eabi/lib/thumb/v7e-m/nofp/libc_nano.a(lib_a-exit.o)
__deregister_frame_info                           /Applications/ARM/bin/../lib/gcc/arm-none-eabi/10.3.1/thumb/v7e-m/nofp/crtbegin.o
__dso_handle                                      /Applications/ARM/bin/../lib/gcc/arm-none-eabi/10.3.1/thumb/v7e-m/nofp/crtbegin.o
__init_array_end                                  /Applications/ARM/bin/../lib/gcc/arm-none-eabi/10.3.1/../../../../arm-none-eabi/lib/thumb/v7e-m/nofp/libc_nano.a(lib_a-init.o)
__init_array_start                                /Applications/ARM/bin/../lib/gcc/arm-none-eabi/10.3.1/../../../../arm-none-eabi/lib/thumb/v7e-m/nofp/libc_nano.a(lib_a-init.o)
__libc_fini_array                                 /Applications/ARM/bin/../lib/gcc/arm-none-eabi/10.3.1/../../../../arm-none-eabi/lib/thumb/v7e-m/nofp/crt0.o
__libc_init_array                                 /Applications/ARM/bin/../lib/gcc/arm-none-eabi/10.3.1/../../../../arm-none-eabi/lib/thumb/v7e-m/nofp/libc_nano.a(lib_a-init.o)
                                                  /Applications/ARM/bin/../lib/gcc/arm-none-eabi/10.3.1/../../../../arm-none-eabi/lib/thumb/v7e-m/nofp/crt0.o
__preinit_array_end                               /Applications/ARM/bin/../lib/gcc/arm-none-eabi/10.3.1/../../../../arm-none-eabi/lib/thumb/v7e-m/nofp/libc_nano.a(lib_a-init.o)
__preinit_array_start                             /Applications/ARM/bin/../lib/gcc/arm-none-eabi/10.3.1/../../../../arm-none-eabi/lib/thumb/v7e-m/nofp/libc_nano.a(lib_a-init.o)
__register_frame_info                             /Applications/ARM/bin/../lib/gcc/arm-none-eabi/10.3.1/thumb/v7e-m/nofp/crtbegin.o
__sf_fake_stderr                                  /Applications/ARM/bin/../lib/gcc/arm-none-eabi/10.3.1/../../../../arm-none-eabi/lib/thumb/v7e-m/nofp/libc_nano.a(lib_a-impure.o)
__sf_fake_stdin                                   /Applications/ARM/bin/../lib/gcc/arm-none-eabi/10.3.1/../../../../arm-none-eabi/lib/thumb/v7e-m/nofp/libc_nano.a(lib_a-impure.o)
__sf_fake_stdout                                  /Applications/ARM/bin/../lib/gcc/arm-none-eabi/10.3.1/../../../../arm-none-eabi/lib/thumb/v7e-m/nofp/libc_nano.a(lib_a-impure.o)
__stack                                           /Applications/ARM/bin/../lib/gcc/arm-none-eabi/10.3.1/../../../../arm-none-eabi/lib/thumb/v7e-m/nofp/crt0.o
_ebss                                             build/startup_gd32f3x0.o
_edata                                            build/startup_gd32f3x0.o
_estack                                           build/startup_gd32f3x0.o
_exit                                             /Applications/ARM/bin/../lib/gcc/arm-none-eabi/10.3.1/../../../../arm-none-eabi/lib/thumb/v7e-m/nofp/libnosys.a(_exit.o)
                                                  /Applications/ARM/bin/../lib/gcc/arm-none-eabi/10.3.1/../../../../arm-none-eabi/lib/thumb/v7e-m/nofp/libc_nano.a(lib_a-exit.o)
_fini                                             /Applications/ARM/bin/../lib/gcc/arm-none-eabi/10.3.1/thumb/v7e-m/nofp/crti.o
_global_impure_ptr                                /Applications/ARM/bin/../lib/gcc/arm-none-eabi/10.3.1/../../../../arm-none-eabi/lib/thumb/v7e-m/nofp/libc_nano.a(lib_a-impure.o)
                                                  /Applications/ARM/bin/../lib/gcc/arm-none-eabi/10.3.1/../../../../arm-none-eabi/lib/thumb/v7e-m/nofp/libc_nano.a(lib_a-exit.o)
_impure_ptr                                       /Applications/ARM/bin/../lib/gcc/arm-none-eabi/10.3.1/../../../../arm-none-eabi/lib/thumb/v7e-m/nofp/libc_nano.a(lib_a-impure.o)
_init                                             /Applications/ARM/bin/../lib/gcc/arm-none-eabi/10.3.1/thumb/v7e-m/nofp/crti.o
                                                  /Applications/ARM/bin/../lib/gcc/arm-none-eabi/10.3.1/../../../../arm-none-eabi/lib/thumb/v7e-m/nofp/libc_nano.a(lib_a-init.o)
_mainCRTStartup                                   /Applications/ARM/bin/../lib/gcc/arm-none-eabi/10.3.1/../../../../arm-none-eabi/lib/thumb/v7e-m/nofp/crt0.o
_sbss                                             build/startup_gd32f3x0.o
_sdata                                            build/startup_gd32f3x0.o
_sidata                                           build/startup_gd32f3x0.o
_stack_init                                       /Applications/ARM/bin/../lib/gcc/arm-none-eabi/10.3.1/../../../../arm-none-eabi/lib/thumb/v7e-m/nofp/crt0.o
_start                                            /Applications/ARM/bin/../lib/gcc/arm-none-eabi/10.3.1/../../../../arm-none-eabi/lib/thumb/v7e-m/nofp/crt0.o
adc_calibration_enable                            build/gd32f3x0_adc.o
adc_channel_length_config                         build/gd32f3x0_adc.o
adc_data_alignment_config                         build/gd32f3x0_adc.o
adc_deinit                                        build/gd32f3x0_adc.o
adc_disable                                       build/gd32f3x0_adc.o
adc_discontinuous_mode_config                     build/gd32f3x0_adc.o
adc_dma_mode_disable                              build/gd32f3x0_adc.o
adc_dma_mode_enable                               build/gd32f3x0_adc.o
adc_enable                                        build/gd32f3x0_adc.o
adc_external_trigger_config                       build/gd32f3x0_adc.o
adc_external_trigger_source_config                build/gd32f3x0_adc.o
adc_flag_clear                                    build/gd32f3x0_adc.o
adc_flag_get                                      build/gd32f3x0_adc.o
adc_inserted_channel_config                       build/gd32f3x0_adc.o
adc_inserted_channel_offset_config                build/gd32f3x0_adc.o
adc_inserted_data_read                            build/gd32f3x0_adc.o
adc_interrupt_disable                             build/gd32f3x0_adc.o
adc_interrupt_enable                              build/gd32f3x0_adc.o
adc_interrupt_flag_clear                          build/gd32f3x0_adc.o
adc_interrupt_flag_get                            build/gd32f3x0_adc.o
adc_oversample_mode_config                        build/gd32f3x0_adc.o
adc_oversample_mode_disable                       build/gd32f3x0_adc.o
adc_oversample_mode_enable                        build/gd32f3x0_adc.o
adc_regular_channel_config                        build/gd32f3x0_adc.o
adc_regular_data_read                             build/gd32f3x0_adc.o
adc_resolution_config                             build/gd32f3x0_adc.o
adc_software_trigger_enable                       build/gd32f3x0_adc.o
adc_special_function_config                       build/gd32f3x0_adc.o
adc_tempsensor_vrefint_disable                    build/gd32f3x0_adc.o
adc_tempsensor_vrefint_enable                     build/gd32f3x0_adc.o
adc_vbat_disable                                  build/gd32f3x0_adc.o
adc_vbat_enable                                   build/gd32f3x0_adc.o
adc_watchdog_disable                              build/gd32f3x0_adc.o
adc_watchdog_group_channel_enable                 build/gd32f3x0_adc.o
adc_watchdog_single_channel_enable                build/gd32f3x0_adc.o
adc_watchdog_threshold_config                     build/gd32f3x0_adc.o
atexit                                            /Applications/ARM/bin/../lib/gcc/arm-none-eabi/10.3.1/../../../../arm-none-eabi/lib/thumb/v7e-m/nofp/crt0.o
cmp_deinit                                        build/gd32f3x0_cmp.o
cmp_disable                                       build/gd32f3x0_cmp.o
cmp_enable                                        build/gd32f3x0_cmp.o
cmp_lock_enable                                   build/gd32f3x0_cmp.o
cmp_mode_init                                     build/gd32f3x0_cmp.o
cmp_output_init                                   build/gd32f3x0_cmp.o
cmp_output_level_get                              build/gd32f3x0_cmp.o
cmp_switch_disable                                build/gd32f3x0_cmp.o
cmp_switch_enable                                 build/gd32f3x0_cmp.o
cmp_window_disable                                build/gd32f3x0_cmp.o
cmp_window_enable                                 build/gd32f3x0_cmp.o
colors                                            build/sk6812.o
crc_block_data_calculate                          build/gd32f3x0_crc.o
crc_data_register_read                            build/gd32f3x0_crc.o
crc_data_register_reset                           build/gd32f3x0_crc.o
crc_deinit                                        build/gd32f3x0_crc.o
crc_free_data_register_read                       build/gd32f3x0_crc.o
crc_free_data_register_write                      build/gd32f3x0_crc.o
crc_init_data_register_write                      build/gd32f3x0_crc.o
crc_input_data_reverse_config                     build/gd32f3x0_crc.o
crc_polynomial_set                                build/gd32f3x0_crc.o
crc_polynomial_size_set                           build/gd32f3x0_crc.o
crc_reverse_output_data_disable                   build/gd32f3x0_crc.o
crc_reverse_output_data_enable                    build/gd32f3x0_crc.o
crc_single_data_calculate                         build/gd32f3x0_crc.o
ctc_clock_limit_value_config                      build/gd32f3x0_ctc.o
ctc_counter_capture_value_read                    build/gd32f3x0_ctc.o
ctc_counter_direction_read                        build/gd32f3x0_ctc.o
ctc_counter_disable                               build/gd32f3x0_ctc.o
ctc_counter_enable                                build/gd32f3x0_ctc.o
ctc_counter_reload_value_config                   build/gd32f3x0_ctc.o
ctc_counter_reload_value_read                     build/gd32f3x0_ctc.o
ctc_deinit                                        build/gd32f3x0_ctc.o
ctc_flag_clear                                    build/gd32f3x0_ctc.o
ctc_flag_get                                      build/gd32f3x0_ctc.o
ctc_hardware_trim_mode_config                     build/gd32f3x0_ctc.o
ctc_interrupt_disable                             build/gd32f3x0_ctc.o
ctc_interrupt_enable                              build/gd32f3x0_ctc.o
ctc_interrupt_flag_clear                          build/gd32f3x0_ctc.o
ctc_interrupt_flag_get                            build/gd32f3x0_ctc.o
ctc_irc48m_trim_value_config                      build/gd32f3x0_ctc.o
ctc_irc48m_trim_value_read                        build/gd32f3x0_ctc.o
ctc_refsource_polarity_config                     build/gd32f3x0_ctc.o
ctc_refsource_prescaler_config                    build/gd32f3x0_ctc.o
ctc_refsource_signal_select                       build/gd32f3x0_ctc.o
ctc_software_refsource_pulse_generate             build/gd32f3x0_ctc.o
dbg_deinit                                        build/gd32f3x0_dbg.o
dbg_id_get                                        build/gd32f3x0_dbg.o
dbg_low_power_disable                             build/gd32f3x0_dbg.o
dbg_low_power_enable                              build/gd32f3x0_dbg.o
dbg_periph_disable                                build/gd32f3x0_dbg.o
dbg_periph_enable                                 build/gd32f3x0_dbg.o
di_1                                              build/gpio.o
                                                  build/main.o
di_2                                              build/gpio.o
                                                  build/main.o
di_3                                              build/gpio.o
                                                  build/main.o
di_4                                              build/gpio.o
                                                  build/main.o
dim_1                                             build/gpio.o
dim_4                                             build/gpio.o
dma_channel_disable                               build/gd32f3x0_dma.o
dma_channel_enable                                build/gd32f3x0_dma.o
dma_circulation_disable                           build/gd32f3x0_dma.o
dma_circulation_enable                            build/gd32f3x0_dma.o
dma_deinit                                        build/gd32f3x0_dma.o
dma_flag_clear                                    build/gd32f3x0_dma.o
dma_flag_get                                      build/gd32f3x0_dma.o
dma_init                                          build/gd32f3x0_dma.o
dma_interrupt_disable                             build/gd32f3x0_dma.o
dma_interrupt_enable                              build/gd32f3x0_dma.o
dma_interrupt_flag_clear                          build/gd32f3x0_dma.o
dma_interrupt_flag_get                            build/gd32f3x0_dma.o
dma_memory_address_config                         build/gd32f3x0_dma.o
dma_memory_increase_disable                       build/gd32f3x0_dma.o
dma_memory_increase_enable                        build/gd32f3x0_dma.o
dma_memory_to_memory_disable                      build/gd32f3x0_dma.o
dma_memory_to_memory_enable                       build/gd32f3x0_dma.o
dma_memory_width_config                           build/gd32f3x0_dma.o
dma_periph_address_config                         build/gd32f3x0_dma.o
dma_periph_increase_disable                       build/gd32f3x0_dma.o
dma_periph_increase_enable                        build/gd32f3x0_dma.o
dma_periph_width_config                           build/gd32f3x0_dma.o
dma_priority_config                               build/gd32f3x0_dma.o
dma_struct_para_init                              build/gd32f3x0_dma.o
dma_transfer_direction_config                     build/gd32f3x0_dma.o
dma_transfer_number_config                        build/gd32f3x0_dma.o
dma_transfer_number_get                           build/gd32f3x0_dma.o
exit                                              /Applications/ARM/bin/../lib/gcc/arm-none-eabi/10.3.1/../../../../arm-none-eabi/lib/thumb/v7e-m/nofp/libc_nano.a(lib_a-exit.o)
                                                  /Applications/ARM/bin/../lib/gcc/arm-none-eabi/10.3.1/../../../../arm-none-eabi/lib/thumb/v7e-m/nofp/crt0.o
exti_deinit                                       build/gd32f3x0_exti.o
exti_event_disable                                build/gd32f3x0_exti.o
exti_event_enable                                 build/gd32f3x0_exti.o
exti_flag_clear                                   build/gd32f3x0_exti.o
exti_flag_get                                     build/gd32f3x0_exti.o
exti_init                                         build/gd32f3x0_exti.o
exti_interrupt_disable                            build/gd32f3x0_exti.o
exti_interrupt_enable                             build/gd32f3x0_exti.o
exti_interrupt_flag_clear                         build/gd32f3x0_exti.o
exti_interrupt_flag_get                           build/gd32f3x0_exti.o
exti_software_interrupt_disable                   build/gd32f3x0_exti.o
exti_software_interrupt_enable                    build/gd32f3x0_exti.o
fmc_flag_clear                                    build/gd32f3x0_fmc.o
fmc_flag_get                                      build/gd32f3x0_fmc.o
fmc_halfword_program                              build/gd32f3x0_fmc.o
fmc_interrupt_disable                             build/gd32f3x0_fmc.o
fmc_interrupt_enable                              build/gd32f3x0_fmc.o
fmc_interrupt_flag_clear                          build/gd32f3x0_fmc.o
fmc_interrupt_flag_get                            build/gd32f3x0_fmc.o
fmc_lock                                          build/gd32f3x0_fmc.o
fmc_mass_erase                                    build/gd32f3x0_fmc.o
fmc_page_erase                                    build/gd32f3x0_fmc.o
fmc_ready_wait                                    build/gd32f3x0_fmc.o
fmc_state_get                                     build/gd32f3x0_fmc.o
fmc_unlock                                        build/gd32f3x0_fmc.o
fmc_wait_state_disable                            build/gd32f3x0_fmc.o
fmc_wait_state_enable                             build/gd32f3x0_fmc.o
fmc_word_program                                  build/gd32f3x0_fmc.o
fmc_word_reprogram                                build/gd32f3x0_fmc.o
fmc_wscnt_set                                     build/gd32f3x0_fmc.o
fwdgt_config                                      build/gd32f3x0_fwdgt.o
fwdgt_counter_reload                              build/gd32f3x0_fwdgt.o
fwdgt_enable                                      build/gd32f3x0_fwdgt.o
fwdgt_flag_get                                    build/gd32f3x0_fwdgt.o
fwdgt_prescaler_value_config                      build/gd32f3x0_fwdgt.o
fwdgt_reload_value_config                         build/gd32f3x0_fwdgt.o
fwdgt_window_value_config                         build/gd32f3x0_fwdgt.o
fwdgt_write_disable                               build/gd32f3x0_fwdgt.o
fwdgt_write_enable                                build/gd32f3x0_fwdgt.o
g_pfnVectors                                      build/startup_gd32f3x0.o
gpio_af_set                                       build/gd32f3x0_gpio.o
gpio_bit_reset                                    build/gd32f3x0_gpio.o
                                                  build/gpio.o
                                                  build/sk6812.o
                                                  build/main.o
gpio_bit_set                                      build/gd32f3x0_gpio.o
                                                  build/gpio.o
                                                  build/sk6812.o
gpio_bit_toggle                                   build/gd32f3x0_gpio.o
                                                  build/gpio.o
gpio_bit_write                                    build/gd32f3x0_gpio.o
gpio_deinit                                       build/gd32f3x0_gpio.o
gpio_input_bit_get                                build/gd32f3x0_gpio.o
                                                  build/gpio.o
gpio_input_port_get                               build/gd32f3x0_gpio.o
gpio_mode_set                                     build/gd32f3x0_gpio.o
                                                  build/gpio.o
                                                  build/main.o
gpio_output_bit_get                               build/gd32f3x0_gpio.o
gpio_output_options_set                           build/gd32f3x0_gpio.o
                                                  build/gpio.o
                                                  build/main.o
gpio_output_port_get                              build/gd32f3x0_gpio.o
gpio_pin_lock                                     build/gd32f3x0_gpio.o
gpio_port_toggle                                  build/gd32f3x0_gpio.o
gpio_port_write                                   build/gd32f3x0_gpio.o
hardware_init_hook                                /Applications/ARM/bin/../lib/gcc/arm-none-eabi/10.3.1/../../../../arm-none-eabi/lib/thumb/v7e-m/nofp/crt0.o
i2c_ack_config                                    build/gd32f3x0_i2c.o
i2c_ackpos_config                                 build/gd32f3x0_i2c.o
i2c_clock_config                                  build/gd32f3x0_i2c.o
i2c_data_receive                                  build/gd32f3x0_i2c.o
i2c_data_transmit                                 build/gd32f3x0_i2c.o
i2c_deinit                                        build/gd32f3x0_i2c.o
i2c_disable                                       build/gd32f3x0_i2c.o
i2c_dma_config                                    build/gd32f3x0_i2c.o
i2c_dma_last_transfer_config                      build/gd32f3x0_i2c.o
i2c_dualaddr_disable                              build/gd32f3x0_i2c.o
i2c_dualaddr_enable                               build/gd32f3x0_i2c.o
i2c_enable                                        build/gd32f3x0_i2c.o
i2c_flag_clear                                    build/gd32f3x0_i2c.o
i2c_flag_get                                      build/gd32f3x0_i2c.o
i2c_interrupt_disable                             build/gd32f3x0_i2c.o
i2c_interrupt_enable                              build/gd32f3x0_i2c.o
i2c_interrupt_flag_clear                          build/gd32f3x0_i2c.o
i2c_interrupt_flag_get                            build/gd32f3x0_i2c.o
i2c_master_addressing                             build/gd32f3x0_i2c.o
i2c_mode_addr_config                              build/gd32f3x0_i2c.o
i2c_pec_config                                    build/gd32f3x0_i2c.o
i2c_pec_transfer_config                           build/gd32f3x0_i2c.o
i2c_pec_value_get                                 build/gd32f3x0_i2c.o
i2c_slave_response_to_gcall_config                build/gd32f3x0_i2c.o
i2c_smbus_alert_config                            build/gd32f3x0_i2c.o
i2c_smbus_arp_config                              build/gd32f3x0_i2c.o
i2c_smbus_type_config                             build/gd32f3x0_i2c.o
i2c_software_reset_config                         build/gd32f3x0_i2c.o
i2c_start_on_bus                                  build/gd32f3x0_i2c.o
i2c_stop_on_bus                                   build/gd32f3x0_i2c.o
i2c_stretch_scl_low_config                        build/gd32f3x0_i2c.o
main                                              build/main.o
                                                  build/startup_gd32f3x0.o
                                                  /Applications/ARM/bin/../lib/gcc/arm-none-eabi/10.3.1/../../../../arm-none-eabi/lib/thumb/v7e-m/nofp/crt0.o
memset                                            /Applications/ARM/bin/../lib/gcc/arm-none-eabi/10.3.1/../../../../arm-none-eabi/lib/thumb/v7e-m/nofp/libc_nano.a(lib_a-memset.o)
                                                  /Applications/ARM/bin/../lib/gcc/arm-none-eabi/10.3.1/../../../../arm-none-eabi/lib/thumb/v7e-m/nofp/crt0.o
nvic_irq_disable                                  build/gd32f3x0_misc.o
nvic_irq_enable                                   build/gd32f3x0_misc.o
nvic_priority_group_set                           build/gd32f3x0_misc.o
nvic_vector_table_set                             build/gd32f3x0_misc.o
                                                  build/system_gd32f3x0.o
ob_data_get                                       build/gd32f3x0_fmc.o
ob_data_program                                   build/gd32f3x0_fmc.o
ob_erase                                          build/gd32f3x0_fmc.o
ob_lock                                           build/gd32f3x0_fmc.o
ob_obstat_plevel_get                              build/gd32f3x0_fmc.o
ob_parm_get                                       build/gd32f3x0_fmc.o
ob_reset                                          build/gd32f3x0_fmc.o
ob_security_protection_config                     build/gd32f3x0_fmc.o
ob_unlock                                         build/gd32f3x0_fmc.o
ob_user_get                                       build/gd32f3x0_fmc.o
ob_user_write                                     build/gd32f3x0_fmc.o
ob_value_modify                                   build/gd32f3x0_fmc.o
ob_write_protection_enable                        build/gd32f3x0_fmc.o
ob_write_protection_get                           build/gd32f3x0_fmc.o
one_wire                                          build/gpio.o
pin_get                                           build/gpio.o
                                                  build/main.o
pin_init_input                                    build/gpio.o
                                                  build/main.o
pin_init_output                                   build/gpio.o
pin_init_output_OD                                build/gpio.o
pin_reset                                         build/gpio.o
pin_set                                           build/gpio.o
pin_toggle                                        build/gpio.o
pmu_backup_write_disable                          build/gd32f3x0_pmu.o
pmu_backup_write_enable                           build/gd32f3x0_pmu.o
pmu_deinit                                        build/gd32f3x0_pmu.o
pmu_flag_clear                                    build/gd32f3x0_pmu.o
pmu_flag_get                                      build/gd32f3x0_pmu.o
pmu_highdriver_mode_disable                       build/gd32f3x0_pmu.o
pmu_highdriver_mode_enable                        build/gd32f3x0_pmu.o
pmu_highdriver_switch_select                      build/gd32f3x0_pmu.o
pmu_ldo_output_select                             build/gd32f3x0_pmu.o
pmu_lowdriver_mode_disable                        build/gd32f3x0_pmu.o
pmu_lowdriver_mode_enable                         build/gd32f3x0_pmu.o
pmu_lowpower_driver_config                        build/gd32f3x0_pmu.o
pmu_lvd_disable                                   build/gd32f3x0_pmu.o
pmu_lvd_select                                    build/gd32f3x0_pmu.o
pmu_normalpower_driver_config                     build/gd32f3x0_pmu.o
pmu_to_deepsleepmode                              build/gd32f3x0_pmu.o
pmu_to_sleepmode                                  build/gd32f3x0_pmu.o
pmu_to_standbymode                                build/gd32f3x0_pmu.o
pmu_wakeup_pin_disable                            build/gd32f3x0_pmu.o
pmu_wakeup_pin_enable                             build/gd32f3x0_pmu.o
rcu_adc_clock_config                              build/gd32f3x0_rcu.o
rcu_ahb_clock_config                              build/gd32f3x0_rcu.o
rcu_all_reset_flag_clear                          build/gd32f3x0_rcu.o
rcu_apb1_clock_config                             build/gd32f3x0_rcu.o
rcu_apb2_clock_config                             build/gd32f3x0_rcu.o
rcu_bkp_reset_disable                             build/gd32f3x0_rcu.o
rcu_bkp_reset_enable                              build/gd32f3x0_rcu.o
rcu_cec_clock_config                              build/gd32f3x0_rcu.o
rcu_ck48m_clock_config                            build/gd32f3x0_rcu.o
rcu_ckout_config                                  build/gd32f3x0_rcu.o
rcu_clock_freq_get                                build/gd32f3x0_rcu.o
                                                  build/gd32f3x0_usart.o
                                                  build/gd32f3x0_i2c.o
rcu_deepsleep_voltage_set                         build/gd32f3x0_rcu.o
rcu_deinit                                        build/gd32f3x0_rcu.o
rcu_flag_get                                      build/gd32f3x0_rcu.o
rcu_hxtal_clock_monitor_disable                   build/gd32f3x0_rcu.o
rcu_hxtal_clock_monitor_enable                    build/gd32f3x0_rcu.o
rcu_hxtal_prediv_config                           build/gd32f3x0_rcu.o
rcu_interrupt_disable                             build/gd32f3x0_rcu.o
rcu_interrupt_enable                              build/gd32f3x0_rcu.o
rcu_interrupt_flag_clear                          build/gd32f3x0_rcu.o
rcu_interrupt_flag_get                            build/gd32f3x0_rcu.o
rcu_irc28m_adjust_value_set                       build/gd32f3x0_rcu.o
rcu_irc8m_adjust_value_set                        build/gd32f3x0_rcu.o
rcu_lxtal_drive_capability_config                 build/gd32f3x0_rcu.o
rcu_osci_bypass_mode_disable                      build/gd32f3x0_rcu.o
rcu_osci_bypass_mode_enable                       build/gd32f3x0_rcu.o
rcu_osci_off                                      build/gd32f3x0_rcu.o
rcu_osci_on                                       build/gd32f3x0_rcu.o
rcu_osci_stab_wait                                build/gd32f3x0_rcu.o
rcu_periph_clock_disable                          build/gd32f3x0_rcu.o
rcu_periph_clock_enable                           build/gd32f3x0_rcu.o
                                                  build/main.o
rcu_periph_clock_sleep_disable                    build/gd32f3x0_rcu.o
rcu_periph_clock_sleep_enable                     build/gd32f3x0_rcu.o
rcu_periph_reset_disable                          build/gd32f3x0_rcu.o
                                                  build/gd32f3x0_wwdgt.o
                                                  build/gd32f3x0_usart.o
                                                  build/gd32f3x0_tsi.o
                                                  build/gd32f3x0_timer.o
                                                  build/gd32f3x0_syscfg.o
                                                  build/gd32f3x0_spi.o
                                                  build/gd32f3x0_pmu.o
                                                  build/gd32f3x0_i2c.o
                                                  build/gd32f3x0_gpio.o
                                                  build/gd32f3x0_ctc.o
                                                  build/gd32f3x0_adc.o
rcu_periph_reset_enable                           build/gd32f3x0_rcu.o
                                                  build/gd32f3x0_wwdgt.o
                                                  build/gd32f3x0_usart.o
                                                  build/gd32f3x0_tsi.o
                                                  build/gd32f3x0_timer.o
                                                  build/gd32f3x0_syscfg.o
                                                  build/gd32f3x0_spi.o
                                                  build/gd32f3x0_pmu.o
                                                  build/gd32f3x0_i2c.o
                                                  build/gd32f3x0_gpio.o
                                                  build/gd32f3x0_ctc.o
                                                  build/gd32f3x0_adc.o
rcu_pll_config                                    build/gd32f3x0_rcu.o
rcu_pll_preselection_config                       build/gd32f3x0_rcu.o
rcu_rtc_clock_config                              build/gd32f3x0_rcu.o
rcu_system_clock_source_config                    build/gd32f3x0_rcu.o
rcu_system_clock_source_get                       build/gd32f3x0_rcu.o
rcu_usart_clock_config                            build/gd32f3x0_rcu.o
rcu_usbfs_clock_config                            build/gd32f3x0_rcu.o
rcu_voltage_key_unlock                            build/gd32f3x0_rcu.o
rede                                              build/gpio.o
rtc_alarm_config                                  build/gd32f3x0_rtc.o
rtc_alarm_disable                                 build/gd32f3x0_rtc.o
rtc_alarm_enable                                  build/gd32f3x0_rtc.o
rtc_alarm_get                                     build/gd32f3x0_rtc.o
rtc_alarm_subsecond_config                        build/gd32f3x0_rtc.o
rtc_alarm_subsecond_get                           build/gd32f3x0_rtc.o
rtc_alter_output_config                           build/gd32f3x0_rtc.o
rtc_bypass_shadow_disable                         build/gd32f3x0_rtc.o
rtc_bypass_shadow_enable                          build/gd32f3x0_rtc.o
rtc_calibration_config                            build/gd32f3x0_rtc.o
rtc_current_time_get                              build/gd32f3x0_rtc.o
rtc_deinit                                        build/gd32f3x0_rtc.o
rtc_flag_clear                                    build/gd32f3x0_rtc.o
rtc_flag_get                                      build/gd32f3x0_rtc.o
rtc_hour_adjust                                   build/gd32f3x0_rtc.o
rtc_init                                          build/gd32f3x0_rtc.o
rtc_init_mode_enter                               build/gd32f3x0_rtc.o
rtc_init_mode_exit                                build/gd32f3x0_rtc.o
rtc_interrupt_disable                             build/gd32f3x0_rtc.o
rtc_interrupt_enable                              build/gd32f3x0_rtc.o
rtc_refclock_detection_disable                    build/gd32f3x0_rtc.o
rtc_refclock_detection_enable                     build/gd32f3x0_rtc.o
rtc_register_sync_wait                            build/gd32f3x0_rtc.o
rtc_second_adjust                                 build/gd32f3x0_rtc.o
rtc_subsecond_get                                 build/gd32f3x0_rtc.o
rtc_tamper_disable                                build/gd32f3x0_rtc.o
rtc_tamper_enable                                 build/gd32f3x0_rtc.o
rtc_timestamp_disable                             build/gd32f3x0_rtc.o
rtc_timestamp_enable                              build/gd32f3x0_rtc.o
rtc_timestamp_get                                 build/gd32f3x0_rtc.o
rtc_timestamp_subsecond_get                       build/gd32f3x0_rtc.o
sk6812_initialize                                 build/sk6812.o
                                                  build/main.o
sk6812_send_colors                                build/sk6812.o
sk6812_set                                        build/sk6812.o
                                                  build/main.o
software_init_hook                                /Applications/ARM/bin/../lib/gcc/arm-none-eabi/10.3.1/../../../../arm-none-eabi/lib/thumb/v7e-m/nofp/crt0.o
spi_bidirectional_transfer_config                 build/gd32f3x0_spi.o
spi_crc_error_clear                               build/gd32f3x0_spi.o
spi_crc_get                                       build/gd32f3x0_spi.o
spi_crc_next                                      build/gd32f3x0_spi.o
spi_crc_off                                       build/gd32f3x0_spi.o
spi_crc_on                                        build/gd32f3x0_spi.o
spi_crc_polynomial_get                            build/gd32f3x0_spi.o
spi_crc_polynomial_set                            build/gd32f3x0_spi.o
spi_disable                                       build/gd32f3x0_spi.o
spi_dma_disable                                   build/gd32f3x0_spi.o
spi_dma_enable                                    build/gd32f3x0_spi.o
spi_enable                                        build/gd32f3x0_spi.o
spi_i2s_data_frame_format_config                  build/gd32f3x0_spi.o
spi_i2s_data_receive                              build/gd32f3x0_spi.o
spi_i2s_data_transmit                             build/gd32f3x0_spi.o
spi_i2s_deinit                                    build/gd32f3x0_spi.o
spi_i2s_flag_get                                  build/gd32f3x0_spi.o
spi_i2s_interrupt_disable                         build/gd32f3x0_spi.o
spi_i2s_interrupt_enable                          build/gd32f3x0_spi.o
spi_i2s_interrupt_flag_get                        build/gd32f3x0_spi.o
spi_init                                          build/gd32f3x0_spi.o
spi_nss_internal_high                             build/gd32f3x0_spi.o
spi_nss_internal_low                              build/gd32f3x0_spi.o
spi_nss_output_disable                            build/gd32f3x0_spi.o
spi_nss_output_enable                             build/gd32f3x0_spi.o
spi_nssp_mode_disable                             build/gd32f3x0_spi.o
spi_nssp_mode_enable                              build/gd32f3x0_spi.o
spi_quad_disable                                  build/gd32f3x0_spi.o
spi_quad_enable                                   build/gd32f3x0_spi.o
spi_quad_io23_output_disable                      build/gd32f3x0_spi.o
spi_quad_io23_output_enable                       build/gd32f3x0_spi.o
spi_quad_read_enable                              build/gd32f3x0_spi.o
spi_quad_write_enable                             build/gd32f3x0_spi.o
spi_struct_para_init                              build/gd32f3x0_spi.o
spi_ti_mode_disable                               build/gd32f3x0_spi.o
spi_ti_mode_enable                                build/gd32f3x0_spi.o
syscfg_compensation_config                        build/gd32f3x0_syscfg.o
syscfg_cps_rdy_flag_get                           build/gd32f3x0_syscfg.o
syscfg_deinit                                     build/gd32f3x0_syscfg.o
syscfg_dma_remap_disable                          build/gd32f3x0_syscfg.o
syscfg_dma_remap_enable                           build/gd32f3x0_syscfg.o
syscfg_exti_line_config                           build/gd32f3x0_syscfg.o
syscfg_flag_clear                                 build/gd32f3x0_syscfg.o
syscfg_flag_get                                   build/gd32f3x0_syscfg.o
syscfg_high_current_disable                       build/gd32f3x0_syscfg.o
syscfg_high_current_enable                        build/gd32f3x0_syscfg.o
syscfg_lock_config                                build/gd32f3x0_syscfg.o
system_lowpower_reset                             build/gd32f3x0_misc.o
system_lowpower_set                               build/gd32f3x0_misc.o
systick_clksource_set                             build/gd32f3x0_misc.o
timer_auto_reload_shadow_disable                  build/gd32f3x0_timer.o
timer_auto_reload_shadow_enable                   build/gd32f3x0_timer.o
timer_automatic_output_disable                    build/gd32f3x0_timer.o
timer_automatic_output_enable                     build/gd32f3x0_timer.o
timer_autoreload_value_config                     build/gd32f3x0_timer.o
timer_break_config                                build/gd32f3x0_timer.o
timer_break_disable                               build/gd32f3x0_timer.o
timer_break_enable                                build/gd32f3x0_timer.o
timer_break_struct_para_init                      build/gd32f3x0_timer.o
timer_channel_capture_value_register_read         build/gd32f3x0_timer.o
timer_channel_complementary_output_polarity_config build/gd32f3x0_timer.o
timer_channel_complementary_output_state_config   build/gd32f3x0_timer.o
timer_channel_control_shadow_config               build/gd32f3x0_timer.o
timer_channel_control_shadow_update_config        build/gd32f3x0_timer.o
timer_channel_dma_request_source_select           build/gd32f3x0_timer.o
timer_channel_input_capture_prescaler_config      build/gd32f3x0_timer.o
timer_channel_input_struct_para_init              build/gd32f3x0_timer.o
timer_channel_output_clear_config                 build/gd32f3x0_timer.o
timer_channel_output_config                       build/gd32f3x0_timer.o
timer_channel_output_fast_config                  build/gd32f3x0_timer.o
timer_channel_output_mode_config                  build/gd32f3x0_timer.o
timer_channel_output_polarity_config              build/gd32f3x0_timer.o
timer_channel_output_pulse_value_config           build/gd32f3x0_timer.o
timer_channel_output_shadow_config                build/gd32f3x0_timer.o
timer_channel_output_state_config                 build/gd32f3x0_timer.o
timer_channel_output_struct_para_init             build/gd32f3x0_timer.o
timer_channel_remap_config                        build/gd32f3x0_timer.o
timer_counter_alignment                           build/gd32f3x0_timer.o
timer_counter_down_direction                      build/gd32f3x0_timer.o
timer_counter_read                                build/gd32f3x0_timer.o
timer_counter_up_direction                        build/gd32f3x0_timer.o
timer_counter_value_config                        build/gd32f3x0_timer.o
timer_deinit                                      build/gd32f3x0_timer.o
timer_disable                                     build/gd32f3x0_timer.o
timer_dma_disable                                 build/gd32f3x0_timer.o
timer_dma_enable                                  build/gd32f3x0_timer.o
timer_dma_transfer_config                         build/gd32f3x0_timer.o
timer_enable                                      build/gd32f3x0_timer.o
timer_event_software_generate                     build/gd32f3x0_timer.o
timer_external_clock_mode0_config                 build/gd32f3x0_timer.o
timer_external_clock_mode1_config                 build/gd32f3x0_timer.o
timer_external_clock_mode1_disable                build/gd32f3x0_timer.o
timer_external_trigger_as_external_clock_config   build/gd32f3x0_timer.o
timer_external_trigger_config                     build/gd32f3x0_timer.o
timer_flag_clear                                  build/gd32f3x0_timer.o
timer_flag_get                                    build/gd32f3x0_timer.o
timer_hall_mode_config                            build/gd32f3x0_timer.o
timer_init                                        build/gd32f3x0_timer.o
timer_input_capture_config                        build/gd32f3x0_timer.o
timer_input_pwm_capture_config                    build/gd32f3x0_timer.o
timer_input_trigger_source_select                 build/gd32f3x0_timer.o
timer_internal_clock_config                       build/gd32f3x0_timer.o
timer_internal_trigger_as_external_clock_config   build/gd32f3x0_timer.o
timer_interrupt_disable                           build/gd32f3x0_timer.o
timer_interrupt_enable                            build/gd32f3x0_timer.o
timer_interrupt_flag_clear                        build/gd32f3x0_timer.o
timer_interrupt_flag_get                          build/gd32f3x0_timer.o
timer_master_output_trigger_source_select         build/gd32f3x0_timer.o
timer_master_slave_mode_config                    build/gd32f3x0_timer.o
timer_ocpre_clear_source_config                   build/gd32f3x0_timer.o
timer_output_value_selection_config               build/gd32f3x0_timer.o
timer_prescaler_config                            build/gd32f3x0_timer.o
timer_prescaler_read                              build/gd32f3x0_timer.o
timer_primary_output_config                       build/gd32f3x0_timer.o
timer_quadrature_decoder_mode_config              build/gd32f3x0_timer.o
timer_repetition_value_config                     build/gd32f3x0_timer.o
timer_single_pulse_mode_config                    build/gd32f3x0_timer.o
timer_slave_mode_select                           build/gd32f3x0_timer.o
timer_struct_para_init                            build/gd32f3x0_timer.o
timer_update_event_disable                        build/gd32f3x0_timer.o
timer_update_event_enable                         build/gd32f3x0_timer.o
timer_update_source_config                        build/gd32f3x0_timer.o
timer_write_chxval_register_config                build/gd32f3x0_timer.o
tsi_analog_off                                    build/gd32f3x0_tsi.o
tsi_analog_on                                     build/gd32f3x0_tsi.o
tsi_channel_pin_disable                           build/gd32f3x0_tsi.o
tsi_channel_pin_enable                            build/gd32f3x0_tsi.o
tsi_deinit                                        build/gd32f3x0_tsi.o
tsi_disable                                       build/gd32f3x0_tsi.o
tsi_enable                                        build/gd32f3x0_tsi.o
tsi_extend_charge_config                          build/gd32f3x0_tsi.o
tsi_flag_clear                                    build/gd32f3x0_tsi.o
tsi_flag_get                                      build/gd32f3x0_tsi.o
tsi_group0_cycle_get                              build/gd32f3x0_tsi.o
tsi_group1_cycle_get                              build/gd32f3x0_tsi.o
tsi_group2_cycle_get                              build/gd32f3x0_tsi.o
tsi_group3_cycle_get                              build/gd32f3x0_tsi.o
tsi_group4_cycle_get                              build/gd32f3x0_tsi.o
tsi_group5_cycle_get                              build/gd32f3x0_tsi.o
tsi_group_disable                                 build/gd32f3x0_tsi.o
tsi_group_enable                                  build/gd32f3x0_tsi.o
tsi_group_status_get                              build/gd32f3x0_tsi.o
tsi_hardware_mode_config                          build/gd32f3x0_tsi.o
tsi_hysteresis_off                                build/gd32f3x0_tsi.o
tsi_hysteresis_on                                 build/gd32f3x0_tsi.o
tsi_init                                          build/gd32f3x0_tsi.o
tsi_interrupt_disable                             build/gd32f3x0_tsi.o
tsi_interrupt_enable                              build/gd32f3x0_tsi.o
tsi_interrupt_flag_clear                          build/gd32f3x0_tsi.o
tsi_interrupt_flag_get                            build/gd32f3x0_tsi.o
tsi_max_number_config                             build/gd32f3x0_tsi.o
tsi_pin_mode_config                               build/gd32f3x0_tsi.o
tsi_plus_config                                   build/gd32f3x0_tsi.o
tsi_sample_pin_disable                            build/gd32f3x0_tsi.o
tsi_sample_pin_enable                             build/gd32f3x0_tsi.o
tsi_software_mode_config                          build/gd32f3x0_tsi.o
tsi_software_start                                build/gd32f3x0_tsi.o
tsi_software_stop                                 build/gd32f3x0_tsi.o
usart_address_config                              build/gd32f3x0_usart.o
usart_address_detection_mode_config               build/gd32f3x0_usart.o
usart_baudrate_set                                build/gd32f3x0_usart.o
usart_block_length_config                         build/gd32f3x0_usart.o
usart_clock_disable                               build/gd32f3x0_usart.o
usart_clock_enable                                build/gd32f3x0_usart.o
usart_command_enable                              build/gd32f3x0_usart.o
usart_data_first_config                           build/gd32f3x0_usart.o
usart_data_receive                                build/gd32f3x0_usart.o
usart_data_transmit                               build/gd32f3x0_usart.o
usart_deinit                                      build/gd32f3x0_usart.o
usart_depolarity_config                           build/gd32f3x0_usart.o
usart_disable                                     build/gd32f3x0_usart.o
usart_dma_receive_config                          build/gd32f3x0_usart.o
usart_dma_transmit_config                         build/gd32f3x0_usart.o
usart_driver_assertime_config                     build/gd32f3x0_usart.o
usart_driver_deassertime_config                   build/gd32f3x0_usart.o
usart_enable                                      build/gd32f3x0_usart.o
usart_flag_clear                                  build/gd32f3x0_usart.o
usart_flag_get                                    build/gd32f3x0_usart.o
usart_guard_time_config                           build/gd32f3x0_usart.o
usart_halfduplex_disable                          build/gd32f3x0_usart.o
usart_halfduplex_enable                           build/gd32f3x0_usart.o
usart_hardware_flow_cts_config                    build/gd32f3x0_usart.o
usart_hardware_flow_rts_config                    build/gd32f3x0_usart.o
usart_interrupt_disable                           build/gd32f3x0_usart.o
usart_interrupt_enable                            build/gd32f3x0_usart.o
usart_interrupt_flag_clear                        build/gd32f3x0_usart.o
usart_interrupt_flag_get                          build/gd32f3x0_usart.o
usart_invert_config                               build/gd32f3x0_usart.o
usart_irda_lowpower_config                        build/gd32f3x0_usart.o
usart_irda_mode_disable                           build/gd32f3x0_usart.o
usart_irda_mode_enable                            build/gd32f3x0_usart.o
usart_lin_break_detection_length_config           build/gd32f3x0_usart.o
usart_lin_mode_disable                            build/gd32f3x0_usart.o
usart_lin_mode_enable                             build/gd32f3x0_usart.o
usart_mute_mode_disable                           build/gd32f3x0_usart.o
usart_mute_mode_enable                            build/gd32f3x0_usart.o
usart_mute_mode_wakeup_config                     build/gd32f3x0_usart.o
usart_overrun_disable                             build/gd32f3x0_usart.o
usart_overrun_enable                              build/gd32f3x0_usart.o
usart_oversample_config                           build/gd32f3x0_usart.o
usart_parity_config                               build/gd32f3x0_usart.o
usart_prescaler_config                            build/gd32f3x0_usart.o
usart_receive_config                              build/gd32f3x0_usart.o
usart_receive_fifo_counter_number                 build/gd32f3x0_usart.o
usart_receive_fifo_disable                        build/gd32f3x0_usart.o
usart_receive_fifo_enable                         build/gd32f3x0_usart.o
usart_receiver_timeout_disable                    build/gd32f3x0_usart.o
usart_receiver_timeout_enable                     build/gd32f3x0_usart.o
usart_receiver_timeout_threshold_config           build/gd32f3x0_usart.o
usart_reception_error_dma_disable                 build/gd32f3x0_usart.o
usart_reception_error_dma_enable                  build/gd32f3x0_usart.o
usart_rs485_driver_disable                        build/gd32f3x0_usart.o
usart_rs485_driver_enable                         build/gd32f3x0_usart.o
usart_sample_bit_config                           build/gd32f3x0_usart.o
usart_smartcard_autoretry_config                  build/gd32f3x0_usart.o
usart_smartcard_mode_disable                      build/gd32f3x0_usart.o
usart_smartcard_mode_early_nack_disable           build/gd32f3x0_usart.o
usart_smartcard_mode_early_nack_enable            build/gd32f3x0_usart.o
usart_smartcard_mode_enable                       build/gd32f3x0_usart.o
usart_smartcard_mode_nack_disable                 build/gd32f3x0_usart.o
usart_smartcard_mode_nack_enable                  build/gd32f3x0_usart.o
usart_stop_bit_set                                build/gd32f3x0_usart.o
usart_synchronous_clock_config                    build/gd32f3x0_usart.o
usart_transmit_config                             build/gd32f3x0_usart.o
usart_wakeup_disable                              build/gd32f3x0_usart.o
usart_wakeup_enable                               build/gd32f3x0_usart.o
usart_wakeup_mode_config                          build/gd32f3x0_usart.o
usart_word_length_set                             build/gd32f3x0_usart.o
wwdgt_config                                      build/gd32f3x0_wwdgt.o
wwdgt_counter_update                              build/gd32f3x0_wwdgt.o
wwdgt_deinit                                      build/gd32f3x0_wwdgt.o
wwdgt_enable                                      build/gd32f3x0_wwdgt.o
wwdgt_flag_clear                                  build/gd32f3x0_wwdgt.o
wwdgt_flag_get                                    build/gd32f3x0_wwdgt.o
wwdgt_interrupt_enable                            build/gd32f3x0_wwdgt.o
